Gs^Fds, Gg^Ve, Gs^Fms, Gs^Fds, Gs^Fms, Gs^Fds, Gs^Fms, Gs^Fms, Gs^Fms, Gs^Fms, Gs^Fds, Gs^Fds, Gs^Fds, Re, Gs^Fds, Gs^Fds, Gs^Fds, Gs^Fds, Gs^Fds, Gs^Fds, Gs^Fds, Gs^Fds, Gs^Fds, Gs^Fds, Gs^Fds, Gs^Fds, Gs^Fds, Gs^Fds, Gs^Fms, Gs^Fds, Gs^Fms, Gs^Fds, Gs^Fds, Gs^Fds, Gs^Fds, Gs^Fds, Gs^Fms, Gs^Fds, Gs^Fds, Gs^Fds, Gs^Fds, Re, Gs^Fds, Gs^Fds, Gg^Efm, Gs^Fds, Gs^Fds, Gs^Fds, Gs^Fds, Gs^Fms, Gs^Fds, Gs^Fds, Gs^Fds, Gs^Fds, Gs^Fds, Gs^Fds, Gs^Fds
Gs^Fds, Gs^Fms, Gs^Fms, Gs^Fms, Gs^Fms, Gs^Fds, Gs^Fds, Gs^Fds, Gg^Ve, Gs^Fms, Gs^Fms, Gs^Fms, Gs^Fms, Re, Re, Gs^Fds, Gs^Fds, Ss, Ss, Gs^Fds, Gs^Fms, Gs^Fms, Gs^Fds, Gs^Fds, Gg^Ve, Gs^Fds, Gs^Fds, Gs^Fds, Gs^Fds, Gs^Fms, Gs^Fms, Gs^Fms, Gs^Fms, Gs^Fms, Gs^Fds, Gs^Fds, Gs^Fms, Gs^Fms, Gs^Fms, Gs^Fds, Gs^Fds, Re, Gs^Fds, Gs^Fds, Gg^Efm, Gs^Fds, Gg^Fet, Gs^Fds, Gs^Fds, Gs^Fms, Gs^Fds, Gg^Efm, Gg^Efm, Gs^Fds, Gs^Fds, Gs^Fds, Gs^Fds
Gs^Fds, Gs^Fms, Gs^Fms, Gs^Fms, Ss, Gs^Fds, Gs^Fds, Gs^Fds, Gs^Fds, Gs^Fds, Gs^Fms, Gs^Fms, Gs^Fds, Gs^Fds, Re, Gs^Fds, Gs^Fds, Ss, Gs^Fms, Gs^Fms, Gs^Fds, Gs^Fds, Gs^Fds, Gs^Fds, Gg^Efm, Gs^Fds, Gs^Fds, Gs^Fds, Gs^Fds, Gs^Fds, Gs^Fds, Gs^Fds, Gs^Fds, Gs^Fms, Gs^Fds, Gs^Fds, Gs^Fds, Gs^Fms, Gs^Fms, Gs^Fds, Gs^Fds, Re, Gs^Fds, Gg^Efm, Gs^Fds, Gs^Fds, Gs^Fms, Gs^Fms, Gs^Fds, Gs^Fds, Gs^Fds, Gs^Fds, Gs^Fds, Gg^Efm, Gg^Efm, Gs^Fds, Gs^Fds
Gs^Fds, Gs^Fds, Gs^Fds, Gs^Fds, Ss, Gs^Fds, Gs^Fds, Gs^Fds, Gs^Fds, Gs^Fms, Gs^Fds, Gs^Fds, Gs^Fds, Gs^Fds, Re, Gs^Fds, Gs^Fds, Gs^Fds, Gs^Fds, Gs^Fms, Gs^Fds, Gg^Fet, Gs^Fds, Gg^Efm, Gg^Efm, Gs^Fms, Gs^Fms, Gs^Fms, Gs^Fms, Gs^Fds, Gs^Fds, Gs^Fds, Gs^Fds, Gs^Fds, Gs^Fds, Ss, Gs^Fds, Gs^Fms, Gs^Fms, Gs^Fds, Re, Re, Gs^Fds, Gs^Fds, Gs^Fms, Gs^Fms, Gs^Fms, Gs^Fms, Ce, Gs^Fds, Gs^Fds, Gs^Fds, Gs^Fds, Gg^Efm, Gs^Fds, Gg^Efm, Gs^Fds
Gs^Fds, Gs^Fds, Gs^Fms, Gs^Fds, Gs^Fds, Gs^Fds, Gs^Fds, Gs^Fds, Gs^Fds, Gs^Fds, Gs^Fds, Gg^Efm, Gg^Efm, Gs^Fms, Gs^Fms, Re, Gs^Fds, Gs^Fds, Gs^Fms, Gs^Fms, Gs^Fds, Gs^Fds, Gg^Efm, Gg^Efm, Gs^Fms, Gs^Fms, Gs^Fds, Gs^Fds, Gs^Fds, Gs^Fms, Gs^Fms, Gs^Fds, Gg^Fet, Gs^Fds, Ss, Ss, Gs^Fds, Gs^Fds, Gs^Fds, Gs^Fds, Re, Gs^Fds, Gs^Fds, Gs^Fms, Gs^Fds, Gs^Fds, Gs^Fds, Ce, Ce, Ce, Ce, Gs^Fds, Gs^Fds, Gs^Fms, Gs^Fms, Gs^Fds, Gs^Fds
Gs^Fds, Gs^Fds, Gs^Fms, Gs^Fms, Gs^Fds, Gs^Fds, Gs^Fds, Gg^Fet, Gs^Fms, Gs^Fms, Gs^Fds, Gs^Fds, Gs^Fds, Gs^Fms, Gs^Fms, Re, Re, Gs^Fds, Gs^Fds, Gs^Fms, Gs^Fms, Gg^Efm, Gs^Fds, Gs^Fds, Gs^Fms, Gs^Fms, Gg^Efm, Gs^Fds, Gs^Fds, Gs^Fds, Gs^Fms, Gs^Fds, Gs^Fds, Gs^Fds, Ss, Gs^Fds, Gs^Fds, Gs^Fds, Gs^Fds, Re, Gs^Fds, Gs^Fds, Gs^Fds, Gg^Efm, Gg^Efm, Gs^Fds, Gs^Fds, Ce, Ce, 1 Ke, Ce, Ce, Gs^Fds, Gs^Fds, Gs^Fds, Gs^Fms, Gs^Fds
Gs^Fds, Gs^Fds, Gs^Fds, Gs^Fms, Gs^Fms, Gs^Fds, Gs^Fds, Gs^Fds, Gs^Fms, Gs^Fds, Cv, Cv, Cv, Gs^Fms, Gs^Fds, Gs^Fds, Re, Gs^Fds, Gs^Fds, Gs^Fms, Gs^Fds, Gg^Efm, Gs^Fds, Gs^Fms, Gs^Fms, Gs^Fds, Gg^Efm, Gg^Efm, Gs^Fds, Gs^Fds, Gs^Fms, Gs^Fms, Gs^Fds, Gs^Fds, Gs^Fms, Gs^Fds, Gs^Fds, Gs^Fds, Re, Re, Gs^Fds, Gs^Fds, Gs^Fms, Gs^Fds, Gs^Fds, Gs^Fds, Gs^Fds, Gs^Fds, Gs^Fds, Ce, Gs^Fds, Gs^Fds, Gs^Fds, Gs^Fds, Gs^Fds, Gs^Fms, Gg^Ve
Gs^Fds, Gs^Fds, Gg^Ve, Gs^Fds, Gs^Fms, Gs^Fds, Gg^Efm, Gs^Fds, Gs^Fms, Gs^Fds, Cv, 3 Kv, Cv, Gs^Fds, Ss, Gs^Fds, Gs^Fds, Re, Re, Gs^Fms, Gs^Fms, Gs^Fds, Gg^Efm, Gs^Fms, Gs^Fms, Gs^Fds, Gs^Fds, Gg^Efm, Gg^Efm, Gs^Fds, Gs^Fds, Gs^Fds, Gs^Fms, Gs^Fms, Gs^Fms, Gs^Fms, Gs^Fds, Gs^Fds, Re, Gg^Fet, Gs^Fds, Gs^Fds, Gs^Fds, Gs^Fms, Gs^Fms, Gs^Fds, Gs^Fms, Gs^Fds, Gs^Fds, Gs^Fds, Gs^Fds, Gs^Fds, Gs^Fds, Gs^Fms, Gs^Fds, Gs^Fds, Gs^Fds
Gd, Gs^Fds, Gs^Fds, Gs^Fds, Gs^Fms, Gs^Fds, Gg^Efm, Gs^Fds, Gs^Fds, Gs^Fds, Gs^Fds, Cv, Cv, Gs^Fms, Gs^Fms, Ss, Gs^Fds, Gs^Fds, Re, Gs^Fds, Gs^Fds, Gs^Fds, Gg^Ve, Gs^Fds, Gs^Fms, Gs^Fms, Gs^Fms, Gs^Fds, Gs^Fds, Gs^Fds, Gs^Fds, Gs^Fds, Gs^Fds, Gs^Fds, Re, Re, Re, Re, Gs^Fds, Gs^Fds, Gs^Fds, Gg^Efm, Gs^Fds, Gs^Fds, Gs^Fds, Gs^Fms, Gs^Fds, Gs^Fms, Gs^Fds, Gs^Fds, Gs^Fds, Gs^Fds, Gs^Fms, Gs^Fms, Gg^Fet, Gs^Fds, Gs^Fds
Ww, Gd, Gd, Gs^Fms, Gs^Fds, Gg^Efm, Gs^Fds, Gs^Fds, Gs^Fds, Gs^Fds, Gs^Fds, Gs^Fds, Gs^Fds, Gs^Fds, Gs^Fms, Gs^Fds, Re, Re, Gs^Fds, Re, Gs^Fds, Gs^Fds, Gg^Efm, Gg^Efm, Gg^Efm, Gs^Fms, Gs^Fds, Gs^Fms, Gs^Fds, Gs^Fds, Gs^Fds, Gs^Fds, Re, Re, Gs^Fds, Re, Gs^Fds, Gs^Fds, Gs^Fds, Gg^Ve, Gg^Efm, Gg^Efm, Gs^Fds, Gs^Fds, Gs^Fds, Gs^Fds, Gs^Fds, Gs^Fds, Gs^Fds, Gs^Fds, Gs^Fds, Gs^Fms, Gs^Fms, Gs^Fds, Gs^Fds, Gs^Fds, Gs^Fds
Wo, Ww, Ww, Gd, Gd, Gs^Fds, Gs^Fds, Gs^Fms, Gs^Fms, Gs^Fms, Gs^Fms, Gs^Fds, Gs^Fds, Gs^Fds, Re, Re, Gs^Fms, Gs^Fms, Gs^Fds, Re, Gs^Fds, Gs^Fds, Gs^Fds, Gg^Efm, Gs^Fds, Gs^Fds, Gs^Fds, Gs^Fds, Re, Re, Re, Re, Gs^Fds, Gs^Fds, Gs^Fms, Gs^Fms, Gs^Fms, Gs^Fms, Gs^Fms, Gs^Fds, Gg^Efm, Gg^Efm, Gs^Fds, Gs^Fds, Cv, Cv, Gs^Fds, Gs^Fds, Gg^Efm, Gg^Efm, Gg^Efm, Gs^Fds, Gs^Fms, Gs^Fms, Gs^Fms, Gs^Fds, Gs^Fds
Ww, Wo, Wo, Ww, Ww, Gd, Gd, Gs^Fds, Gs^Fds, Gs^Fds, Re, Re, Re, Re, Gs^Fds, Gs^Fds, Gs^Fds, Gs^Fms, Gs^Fms, Re, Re, Gs^Fds, Gs^Fds, Gs^Fds, Gs^Fds, Gs^Fds, Re, Re, Gs^Fds, Gs^Fds, Gs^Fds, Gs^Fds, Gs^Fms, Gs^Fms, Gg^Efm, Gs^Fds, Gs^Fds, Gs^Fms, Gs^Fds, Gs^Fds, Gs^Fds, Gs^Fds, Gs^Fds, Cv, 2 Kv, Cv, Gs^Fds, Gs^Fds, Gs^Fms, Gg^Efm, Gs^Fds, Gs^Fds, Gs^Fds, Gs^Fds, Gg^Efm, Gs^Fds, Gs^Fds
Ww, Ww, Wo, Ww, Ww, Ww, Gd, Gs^Fds, Re, Re, Gs^Fms, Gs^Fds, Gs^Fds, Gs^Fds, Gs^Fds, Gs^Fds, Ss, Gs^Fms, Gs^Fds, Gs^Fms, Re, Gs^Fds, Re, Re, Re, Re, Gs^Fds, Gs^Fms, Ss, Gs^Fds, Gs^Fds, Gs^Fms, Gs^Fds, Gs^Fds, Gg^Efm, Gg^Efm, Gg^Efm, Gs^Fds, Gs^Fds, Gs^Fms, Gs^Fds, Gs^Fds, Gs^Fds, Cv, Cv, Cv, Gs^Fds, Gs^Fms, Gs^Fms, Gs^Fds, Gs^Fds, Gs^Fds, Gs^Fds, Gs^Fds, Gg^Efm, Gg^Efm, Gs^Fds
Gd, Ww, Ww, Wo, Wo, Ww, Ww, Gd, Gd, Gs^Fds, Gs^Fms, Gs^Fds, Gs^Fds, Gg^Ve, Gg^Efm, Gs^Fds, Ss, Ss, Gs^Fms, Gs^Fds, Re, Re, Gs^Fds, Re, Re, Gg^Fet, Gs^Fds, Gs^Fms, Gs^Fms, Ss, Gs^Fds, Gs^Fms, Gs^Fms, Gs^Fds, Gs^Fds, Gs^Fds, Gs^Fds, Gs^Fds, Gs^Fds, Gs^Fms, Gs^Fds, Gs^Fds, Gs^Fms, Gs^Fds, Gs^Fms, Gs^Fds, Gs^Fds, Gs^Fds, Gs^Fds, Gs^Fms, Gs^Fms, Gs^Fms, Gs^Fms, Gs^Fds, Gs^Fds, Gg^Efm, Gs^Fds
Gd, Ww, Ww, Ww, Ww, Ww, Ww, Ww, Ww, Gd, Gd, Gs^Fms, Gs^Fms, Gs^Fds, Gs^Fds, Gg^Efm, Gs^Fds, Gs^Fds, Gs^Fms, Re, Gs^Fds, Gs^Fds, Ss, Gs^Fds, Re, Re, Re, Gs^Fms, Re, Gs^Fds, Gs^Fds, Gs^Fms, Gs^Fms, Gs^Fds, Gs^Fds, Gs^Fds, Gs^Fds, Gs^Fds, Gs^Fds, Gs^Fds, Gs^Fms, Gg^Efm, Gg^Efm, Gs^Fms, Gs^Fms, Gs^Fds, Gs^Fds, Gs^Fds, Gs^Fds, Gs^Fms, Gs^Fds, Gs^Fms, Gs^Fms, Gs^Fms, Gs^Fms, Gs^Fds, Gs^Fds
Gs^Fds, Gd, Gd, Ww, Ww, Ww, Ww, Wo, Wo, Ww, Ww, Gd, Gd, Gs^Fms, Gs^Fms, Gs^Fms, Gs^Fms, Gs^Fms, Re, Re, Gs^Fms, Ss, Gs^Fms, Gs^Fds, Gd, Gs^Fds, Gs^Fds, Re, Gs^Fds, Re, Re, Gs^Fds, Gs^Fds, Gs^Fds, Gs^Fms, Gs^Fds, Gs^Fds, Gg^Ve, Gs^Fds, Gs^Fds, Gs^Fms, Gs^Fms, Gs^Fds, Gg^Efm, Gs^Fds, Gs^Fms, Gs^Fds, Gs^Fms, Gs^Fms, Gs^Fms, Gs^Fds, Gs^Fds, Gs^Fds, Gs^Fds, Gs^Fds, Gs^Fds, Gs^Fds
Gs^Fds, Gs^Fds, Gg^Fet, Gd, Gd, Ww, Ww, Ww, Wo, Wo, Wo, Ww, Ww, Gd, Gd, Gs^Fds, Re, Re, Gs^Fds, Gs^Fds, Gs^Fds, Gs^Fms, Gd, Gd, Ww^Bsb|, Gd, Gd, Gs^Fds, Ss, Gs^Fds, Gs^Fms, Re, Re, Gs^Fds, Gs^Fds, Gs^Fms, Gs^Fms, Gs^Fds, Ss, Gs^Fds, Gs^Fds, Gs^Fds, Gs^Fds, Gg^Efm, Gs^Fms, Gs^Fds, Gs^Fms, Ss, Ss, Ss, Ss, Gs^Fds, Gs^Fds, Gg^Ve, Gs^Fds, Gs^Fds, Gs^Fds
Gs^Fds, Gs^Fds, Gs^Fms, Gs^Fds, Gs^Fms, Gd, Gd, Ww, Ww, Wo, Wo, Wo, Ww, Ww, Ww^Bw/, Gd, Gd, Gs^Fds, Gs^Fds, Gs^Fds, Gd, Gd, Ww, Ww, Ww^Bsb|, Ww, Ww, Gd, Gd, Ss, Ss, Gs^Fms, Gs^Fms, Re, Re, Gs^Fds, Gs^Fds, Gs^Fds, Ss, Gs^Fds, Gs^Fds, Gs^Fds, Gs^Fds, Gs^Fms, Gs^Fms, Gs^Fms, Gs^Fds, Gs^Fms, Gs^Fms, Gs^Fds, Gg^Fet, Gs^Fms, Gs^Fms, Gs^Fds, Gs^Fds, Gs^Fds, Gs^Fds
Gs^Fds, Gs^Fms, Gs^Fds, Gs^Fms, Gg^Ve, Gs^Fms, Gs^Fds, Gd, Gd, Ww, Ww, Wo, Ww^Bw/, Ww^Bw/, Ww^Bw/, Ww^Bw/, Ww, Gd, Gd, Gd, Ww, Ww, Ww, Ww, Ww^Bsb|, Ww, Ww, Ww, Ww, Gd, Gd, Gs^Fms, Gs^Fms, Gs^Fms, Gs^Fds, Re, Re, Gs^Fds, Gs^Fds, Ss, Ss, Gs^Fds, Gs^Fds, Gs^Fds, Gg^Efm, Gs^Fds, Gg^Efm, Gs^Fds, Gs^Fds, Gs^Fms, Gs^Fds, Gs^Fds, Gs^Fms, Gs^Fds, Gs^Fms, Gs^Fms, Gs^Fds
Gs^Fds, Gs^Fds, Gs^Fds, Gs^Fds, Gs^Fds, Gs^Fds, Gs^Fds, Gs^Fms, Gs^Fms, Gd, Gd, Ww^Bw/, Ww^Bw/, Ww^Bw/, Ww, Ww, Ww, Ww, Ww, Ww, Wo, Wo, Ww, Ww, Ww^Bsb|, Ww, Wo, Wo, Wo, Ww, Ww, Gd, Gd, Gs^Fds, Gs^Fds, Gs^Fds, Re, Re, Re, Gs^Fds, Gs^Fds, Gs^Fds, Gs^Fms, Gs^Fms, Gs^Fms, Gg^Efm, Gg^Efm, Gs^Fms, Gs^Fms, Gs^Fds, Gs^Fds, Gs^Fds, Gs^Fds, Gs^Fms, Gs^Fms, Gs^Fms, Gs^Fds
Gs^Fms, Gs^Fds, Gs^Fms, Gs^Fms, Gs^Fds, Gs^Fds, Gs^Fds, Gs^Fms, Gs^Fms, Gs^Fds, Re, Gd, Gd, Ww, Ww, Ww, Ww, Wo, Wo, Wo, Wo, Ww, Ww, Ww, Kv, Ww, Ww, Wo, Wo, Wo, Wo, Ww, Ww, Gd, Gd, Re, Gs^Fds, Gs^Fds, Re, Re, Re, Gs^Fds, Re, Gs^Fms, Gs^Fds, Gs^Fds, Gs^Fds, Gs^Fds, Gs^Fms, Gs^Fds, Ss, Gs^Fds, Ss, Gs^Fds, Gs^Fds, Gs^Fms, Gs^Fds
Gs^Fms, Gs^Fds, Gs^Fds, Gs^Fms, Gs^Fds, Ss, Gs^Fds, Gs^Fms, Gs^Fms, Gs^Fds, Re, Re, Gs^Fds, Gd, Gd, Ww, Ww, Wo, Ww, Wo, Ww, Ww, Cv, Cv, Cv, Cv, Cv, Ww, Ww, Ww, Wo, Ww, Ww^Bsb/, Ww^Bsb/, Gd, Gs^Fds, Gs^Fds, Re, Gs^Fds, Gs^Fds, Gs^Fds, Re, Gs^Fds, Re, Re, Re, Re, Gs^Fms, Gs^Fms, Gs^Fds, Gs^Fds, Ss, Gs^Fms, Gs^Fds, Gs^Fds, Gs^Fds, Gs^Fds
Gs^Fds, Gs^Fms, Gs^Fms, Gs^Fms, Gs^Fds, Ss, Gs^Fds, Gs^Fms, Gs^Fds, Gs^Fds, Re, Re, Gs^Fms, Gs^Fms, Gd, Ww, Ww, Ww, Ww, Ww, Cv, Cv, Gg^Efm, Gg^Efm, Cv, Gg^Efm, Gg^Efm, Cv, Cv, Ww, Ww^Bsb/, Ww^Bsb/, Ww, Ww, Gd, Gs^Fms, Gs^Fds, Re, Gs^Fds, Ss, Ss, Gs^Fds, Gs^Fms, Gs^Fds, Gs^Fds, Gs^Fds, Gs^Fds, Re, Re, Gs^Fms, Gs^Fds, Gs^Fms, Gs^Fds, Gs^Fms, Gs^Fms, Gs^Fds, Gs^Fds
Gs^Fds, Gs^Fms, Gs^Fds, Gs^Fds, Gs^Fds, Gs^Fds, Gs^Fds, Gs^Fds, Re, Re, Gs^Fds, Gs^Fds, Gs^Fms, Gs^Fms, Gd, Ww, Ww, Ww, Ww, Cv, Gg^Efm, Gg^Ve, Gg, Cv, Gg^Ve, Cv, Gg, Gg^Ve, Gg^Efm, Cv, Ww, Ww, Wo, Ww, Gd, Gs^Fms, Gs^Fds, Re, Gs^Fds, Gs^Fds, Gs^Fds, Gs^Fds, Gs^Fds, Gs^Fms, Gs^Fms, Gs^Fms, Gs^Fms, Gs^Fds, Gs^Fds, Re, Re, Re, Re, Gs^Fds, Gs^Fds, Gs^Fds, Gs^Fds
Gs^Fds, Gs^Fds, Gs^Fds, Gs^Fds, Re, Re, Re, Re, Re, Gs^Fds, Gs^Fds, Gs^Fms, Gs^Fms, Gg^Ve, Gd, Ww, Wo, Wo, Ww, Cv, Gg^Efm, Gg, Cv, Cv, Cv, Cv, Cv, Gg, Gg^Efm, Cv, Ww, Ww, Wo, Ww, Gd, Ss, Gs^Fds, Re, Gs^Fds, Gs^Fds, Gg^Ve, Gs^Fds, Gs^Fds, Gs^Fds, Gg^Efm, Gs^Fds, Gs^Fds, Gs^Fds, Gs^Fds, Gs^Fds, Gs^Fds, Re, Gs^Fds, Re, Re, Gs^Fds, Re
Re, Re, Re, Re, Gs^Fds, Re, Gs^Fds, Gs^Fds, Re, Re, Gs^Fds, Gs^Fds, Gs^Fms, Gs^Fms, Gd, Ww, Wo, Wo, Ww, Cv, Cv, Cv, Gg^Ve, Cv, 6 Kv, Cv, Gg^Ve, Cv, Cv, Kv, Ww, Wo, Wo, Ww, Gd, Ss, Gs^Fms, Re, Re, Gs^Fds, Gs^Fds, Gg^Efm, Gg^Efm, Gg^Efm, Gg^Efm, Gg^Efm, Gs^Fds, Gs^Fds, Gs^Fds, Gs^Fds, Gs^Fds, Gs^Fds, Gs^Fds, Gs^Fds, Gs^Fds, Re, Gs^Fds
Gs^Fds, Gs^Fds, Gs^Fds, Gs^Fds, Gs^Fds, Gs^Fms, Gs^Fms, Gs^Fds, Gs^Fds, Re, Re, Gs^Fds, Gs^Fds, Gs^Fms, Gd, Ww, Wo, Wo, Ww, Kv, Gg^Efm, Cv, Cv, Cv, Cv, Cv, Cv, Cv, Gg^Efm, Cv, Ww, Wo, Ww, Ww, Ww, Gd, Gd, Gs^Fds, Gs^Fds, Re, Gs^Fds, Gs^Fds, Gs^Fms, Gs^Fds, Gs^Fds, Gs^Fds, Gs^Fds, Gs^Fds, Gs^Fds, Gs^Fms, Gs^Fms, Gs^Fms, Gs^Fms, Gs^Fds, Gs^Fds, Gs^Fds, Gs^Fds
Gs^Fds, Gg^Efm, Gg^Efm, Gs^Fds, Gs^Fds, Gs^Fms, Gs^Fds, Gs^Fms, Gs^Fds, Gs^Fds, Re, Gs^Fds, Gs^Fds, Gs^Fms, Gd, Ww, Wo, Wo, Ww, Cv, Gg^Efm, Gg, Gg, Cv, Gg^Ve, Cv, Gg, Gg, Gg^Efm, Cv, Ww, Ww, Ww, Ww, Ww, Ww, Ww, Gd, Gd, Gd, Gd, Gs^Fds, Gs^Fds, Gs^Fms, Gs^Fms, Gs^Fds, Gs^Fds, Gs^Fds, Gs^Fds, Gs^Fms, Gs^Fds, Gs^Fms, Gs^Fds, Gs^Fds, Ss, Ss, Gs^Fms
Gs^Fds, Gs^Fds, Gs^Fds, Gs^Fds, Gg^Efm, Gs^Fds, Gs^Fds, Gs^Fms, Gs^Fms, Gs^Fds, Gs^Fds, Re, Gs^Fds, Gs^Fds, Gd, Ww, Ww, Ww, Ww^Bsb/, Cv, Cv, Gg^Ve, Gg^Efm, Cv, Cv, Cv, Gg^Efm, Gg^Ve, Cv, Cv, Ww, Ww, Ww, Ww, Wo, Ww, Wo, Ww, Ww, Ww, Ww^Bw|, Gd, Gd, Gs^Fds, Gs^Fds, Gs^Fms, Gs^Fds, Gg^Fet, Gs^Fds, Gs^Fds, Gs^Fds, Gs^Fds, Gg^Efm, Ss, Gg^Efm, Ss, Gs^Fds
Gs^Fds, Gs^Fds, Gs^Fds, Gg^Ve, Gg^Efm, Gs^Fds, Ss, Gs^Fds, Gs^Fds, Gs^Fds, Gs^Fds, Re, Re, Gs^Fds, Gd, Ww, Ww^Bsb/, Ww^Bsb/, Ww, Ww, Ww, Cv, Cv, Gg^Efm, Cv, Gg^Efm, Cv, Cv, Ww, Ww, Wo, Ww, Ww, Ww, Ww, Wo, Wo, Ww, Ww, Ww, Ww^Bw|, Ww^Bw|, Ww, Gd, Gd, Gs^Fds, Gs^Fds, Gs^Fds, Gs^Fds, Gs^Fds, Gs^Fds, Gg^Ve, Gs^Fds, Gg^Efm, Gs^Fds, Gs^Fds, Gs^Fds
Gs^Fms, Gs^Fms, Gs^Fms, Gs^Fds, Gs^Fds, Gg^Efm, Ss, Ss, Gg^Efm, Gs^Fds, Gs^Fds, Gs^Fds, Re, Gs^Fds, Gd, Ww^Bsb/, Ww, Ww, Wo, Wo, Wo, Ww, Ww, Cv, Kv, Cv, Ww, Ww, Ww, Wo, Wo, Wo, Ww, Ww, Gd, Ww, Ww, Wo, Wo, Ww, Ww^Bw|, Ww^Bw|, Wo, Ww, Ww^Bw|, Gd, Gd, Gs^Fds, Gs^Fds, Gs^Fms, Gs^Fms, Gs^Fds, Gs^Fds, Gs^Fds, Gs^Fds, Gs^Fds, Gs^Fds
Gs^Fms, Gs^Fms, Gs^Fds, Gs^Fms, Gs^Fms, Gs^Fds, Gs^Fds, Gs^Fds, Gs^Fds, Gg^Ve, Gs^Fds, Gs^Fds, Re, Re, Gs^Fds, Gd, Gd, Ww, Ww, Wo, Wo, Wo, Ww, Ww, Ww^Bsb|, Ww, Ww, Ww, Wo, Wo, Ww, Ww, Gd, Gd, Gs^Fms, Gd, Gd, Ww, Ww, Ww, Ww^Bw|, Ww^Bw|, Wo, Wo, Ww^Bw|, Ww, Ww, Gd, Gd, Gs^Fms, Gs^Fms, Gs^Fms, Gs^Fms, Gs^Fds, Gs^Fms, Gs^Fds, Gs^Fds
Gs^Fds, Gs^Fds, Ss, Gs^Fms, Gs^Fds, Gs^Fms, Gs^Fds, Gs^Fds, Gs^Fds, Gg^Efm, Gg^Efm, Gs^Fds, Re, Gs^Fds, Gs^Fds, Gs^Fds, Gg^Efm, Gd, Gd, Ww, Ww, Wo, Wo, Ww, Ww^Bsb|, Ww, Wo, Wo, Ww, Ww, Gd, Gd, Gg^Efm, Gs^Fds, Gg^Efm, Gs^Fms, Gs^Fds, Gd, Gd, Ww, Ww^Bw|, Ww^Bw|, Ww, Wo, Ww^Bw|, Ww, Ww, Ww, Ww, Gd, Gd, Gs^Fms, Gs^Fms, Gs^Fms, Gs^Fds, Gs^Fms, Gg^Ve
Gs^Fds, Gs^Fds, Ss, Gs^Fds, Cv, Cv, Cv, Gs^Fds, Gs^Fds, Gg^Efm, Gs^Fds, Gs^Fds, Re, Gs^Fds, Gs^Fds, Gg^Ve, Gg^Efm, Gg^Efm, Gs^Fms, Gd, Gd, Ww, Ww, Ww, Ww^Bsb|, Ww, Ww, Ww, Gd, Gd, Gs^Fms, Gg^Efm, Gg^Efm, Gg^Efm, Gs^Fds, Gs^Fds, Gs^Fds, Gg^Ve, Gs^Fds, Gd, Gd, Ww^Bw|, Gd, Ww, Ww^Bw|, Ww, Wo, Ww, Wo, Ww, Ww, Gd, Gd, Gd, Gd, Gs^Fds, Gs^Fds
Gs^Fds, Gs^Fds, Gs^Fds, Gs^Fds, Cv, 4 Kv, Cv, Cv, Gs^Fms, Gs^Fds, Gs^Fms, Gs^Fds, Re, Gs^Fds, Gs^Fds, Gs^Fms, Gs^Fms, Gs^Fms, Gs^Fds, Gs^Fds, Gs^Fds, Gd, Gd, Ww, Ww^Bsb|, Ww, Gd, Gd, Gs^Fds, Gs^Fms, Gs^Fms, Gs^Fds, Gs^Fms, Gs^Fds, Gs^Fds, Gs^Fds, Gs^Fds, Gs^Fds, Gs^Fds, Gs^Fds, Re, Re, Gs^Fds, Gd, Gd, Ww, Ww, Wo, Wo, Wo, Ww, Ww, Ww, Gd, Gd, Gd, Gd
Gs^Fds, Gs^Fds, Gs^Fds, Gs^Fds, Gs^Fds, Cv, Gs^Fms, Gs^Fms, Gs^Fms, Gs^Fms, Gs^Fds, Gs^Fds, Re, Gs^Fds, Re, Gs^Fds, Re, Re, Re, Re, Re, Re, Re, Gd, Gd, Gd, Re, Re, Re, Gs^Fds, Re, Gs^Fms, Gs^Fds, Gs^Fms, Gs^Fms, Gs^Fms, Gs^Fms, Gs^Fds, Re, Re, Gs^Fds, Gs^Fds, Gs^Fds, Gs^Fds, Re, Gd, Gd, Ww, Ww, Wo, Ww, Ww, Wo, Ww, Ww, Gd, Gd
Gs^Fds, Gs^Fds, Gs^Fms, Gs^Fds, Gs^Fds, Gs^Fds, Gs^Fms, Gs^Fms, Ss, Ss, Gs^Fds, Gs^Fds, Gs^Fds, Re, Gs^Fds, Re, Gs^Fds, Gs^Fds, Gs^Fds, Gs^Fds, Gs^Fms, Gs^Fds, Gs^Fms, Gs^Fds, Gs^Fds, Gs^Fds, Gs^Fds, Gs^Fds, Gs^Fds, Re, Gs^Fms, Re, Re, Re, Re, Gs^Fds, Gs^Fds, Re, Re, Gs^Fds, Gs^Fds, Gs^Fds, Gg^Ve, Gs^Fds, Gs^Fds, Re, Gd, Gd, Gd, Ww, Ww, Ww, Wo, Wo, Wo, Ww, Ww
Gs^Fds, Gs^Fms, Gs^Fms, Gs^Fms, Gs^Fms, Gs^Fds, Gs^Fds, Gs^Fds, Gs^Fms, Gs^Fms, Gs^Fms, Gs^Fds, Re, Re, Gs^Fds, Gs^Fds, Gs^Fds, Gs^Fds, Gs^Fds, Gs^Fds, Gs^Fms, Gs^Fms, Gs^Fms, Gs^Fds, Gs^Fds, Ss, Ss, Gs^Fds, Gs^Fms, Gs^Fms, Gs^Fms, Gs^Fms, Gs^Fms, Gs^Fms, Gs^Fms, Re, Re, Re, Gs^Fds, Gs^Fds, Ss, Gs^Fds, Gs^Fds, Gs^Fds, Gs^Fms, Gs^Fds, Gs^Fms, Gd, Re, Gd, Gd, Ww, Ww, Wo, Wo, Wo, Ww
Gs^Fms, Gs^Fds, Gs^Fds, Gs^Fds, Gs^Fds, Gs^Fds, Gs^Fms, Gs^Fms, Gs^Fds, Gs^Fms, Re, Re, Gs^Fds, Gs^Fds, Gs^Fds, Gs^Fds, Gg^Efm, Gg^Ve, Gs^Fds, Gs^Fms, Gs^Fds, Gs^Fds, Gs^Fds, Gs^Fds, Gs^Fds, Gs^Fds, Gs^Fds, Gs^Fds, Gs^Fms, Gs^Fds, Gg^Efm, Gs^Fds, Gg^Efm, Gs^Fds, Gs^Fds, Re, Gs^Fds, Gs^Fds, Gs^Fms, Ss, Gs^Fds, Gs^Fds, Cv, Gs^Fds, Gs^Fds, Gs^Fms, Gs^Fms, Gs^Fds, Gs^Fms, Gs^Fds, Gs^Fds, Gd, Gd, Ww, Ww, Ww, Ww
Gs^Fms, Gs^Fds, Gs^Fds, Gg^Ve, Gs^Fds, Gs^Fds, Gs^Fds, Gs^Fds, Re, Re, Gs^Fds, Gs^Fds, Gs^Fms, Gs^Fds, Gg^Efm, Gg^Efm, Gs^Fds, Gs^Fds, Gs^Fds, Gs^Fms, Gs^Fds, Gg^Efm, Gg^Efm, Gs^Fds, Gs^Fds, Gs^Fds, Gs^Fds, Gs^Fms, Gs^Fms, Gs^Fms, Gs^Fds, Gg^Efm, Gs^Fds, Gs^Fds, Re, Re, Gs^Fms, Gs^Fms, Gs^Fms, Gs^Fms, Gs^Fds, Gs^Fds, Cv, Cv, Cv, Gs^Fds, Gs^Fds, Gs^Fms, Gs^Fds, Gs^Fms, Gs^Fms, Gs^Fds, Gs^Fds, Gd, Gd, Ww, Ww
Gs^Fms, Gs^Fms, Gs^Fms, Gs^Fms, Gs^Fms, Gs^Fds, Gs^Fds, Re, Gs^Fds, Gs^Fds, Gs^Fds, Gs^Fds, Gs^Fms, Gs^Fms, Gg^Efm, Gg^Efm, Gg^Fet, Gs^Fds, Gs^Fms, Gs^Fms, Gs^Fds, Gs^Fds, Gg^Efm, Gg^Efm, Gs^Fds, Gs^Fds, Gg^Ve, Gs^Fds, Gs^Fds, Gs^Fms, Gs^Fms, Gs^Fds, Gs^Fds, Re, Gs^Fds, Gs^Fds, Gs^Fds, Gs^Fds, Gs^Fds, Gs^Fms, Gs^Fds, Gs^Fds, Cv, 5 Kv, Cv, Gs^Fds, Gs^Fds, Gs^Fds, Gs^Fds, Gs^Fds, Gs^Fds, Gs^Fms, Gs^Fds, Gs^Fds, Gg^Efm, Gd, Gd
Gs^Fds, Gs^Fds, Ss, Ss, Gs^Fds, Gs^Fds, Re, Re, Gs^Fds, Gs^Fms, Gs^Fds, Gs^Fds, Gs^Fds, Gs^Fms, Gs^Fms, Gs^Fms, Gs^Fds, Gs^Fds, Gs^Fds, Gs^Fds, Gs^Fms, Gs^Fds, Gs^Fds, Gs^Fds, Gs^Fds, Gs^Fds, Gs^Fds, Gs^Fds, Gs^Fds, Gs^Fds, Gs^Fds, Gs^Fds, Re, Re, Gs^Fds, Gs^Fds, Gs^Fds, Gg^Efm, Gg^Efm, Gs^Fds, Gs^Fds, Gs^Fds, Gs^Fds, Cv, Gs^Fds, Gs^Fds, Gg^Efm, Gg^Efm, Gs^Fds, Gs^Fds, Gs^Fms, Gs^Fms, Gs^Fds, Gs^Fds, Gg^Efm, Gg^Efm, Gs^Fds
Gs^Fds, Ss, Gs^Fms, Gs^Fds, Re, Re, Gs^Fds, Gs^Fds, Gs^Fms, Gs^Fms, Gs^Fds, Gs^Fds, Gs^Fds, Gs^Fds, Gs^Fds, Gs^Fds, Gs^Fds, Gs^Fds, Gs^Fds, Gs^Fms, Gs^Fms, Gs^Fms, Gs^Fms, Gs^Fds, Gs^Fds, Gs^Fds, Gs^Fds, Gs^Fds, Ss, Ss, Gs^Fds, Gs^Fds, Re, Gs^Fds, Gs^Fds, Gs^Fds, Gg^Efm, Gg^Efm, Gg^Efm, Gs^Fds, Gs^Fds, Gs^Fds, Gs^Fds, Gs^Fds, Gs^Fds, Gg^Efm, Gs^Fds, Gs^Fds, Gs^Fds, Gg^Fet, Gs^Fms, Gs^Fms, Gs^Fds, Gg^Ve, Gg^Efm, Gg^Efm, Gs^Fds
Gs^Fds, Gs^Fds, Gs^Fms, Re, Gs^Fds, Gs^Fds, Gs^Fds, Gs^Fms, Gs^Fds, Gs^Fds, Gs^Fds, Gg^Ve, Gs^Fds, Gs^Fds, Gs^Fms, Gs^Fds, Ss, Ss, Gs^Fds, Gs^Fds, Gs^Fds, Gs^Fms, Gs^Fms, Gs^Fms, Gs^Fds, Gs^Fds, Gs^Fds, Ss, Gs^Fds, Gs^Fds, Re, Re, Gs^Fms, Gs^Fds, Gs^Fms, Gs^Fds, Gg^Ve, Gs^Fds, Gs^Fds, Gs^Fds, Gs^Fds, Gs^Fds, Gs^Fms, Gs^Fds, Gs^Fms, Gs^Fds, Gs^Fds, Gs^Fds, Gs^Fds, Gs^Fds, Gs^Fms, Gs^Fms, Gs^Fds, Gs^Fds, Gs^Fds, Gs^Fds, Gs^Fds
Gs^Fds, Gs^Fms, Re, Re, Gs^Fms, Gs^Fms, Gg^Efm, Gg^Efm, Gg^Efm, Gs^Fds, Gs^Fds, Gs^Fms, Gs^Fms, Gs^Fms, Gs^Fms, Gs^Fds, Gs^Fds, Gs^Fds, Gs^Fds, Gs^Fds, Gs^Fds, Gs^Fds, Gs^Fds, Gs^Fms, Gs^Fds, Gs^Fms, Gs^Fms, Gs^Fms, Gs^Fds, Gs^Fds, Re, Gs^Fds, Gs^Fms, Gs^Fms, Gs^Fms, Gs^Fds, Gs^Fds, Gs^Fds, Gs^Fds, Gs^Fds, Gs^Fms, Gs^Fms, Gs^Fms, Gs^Fms, Gs^Fds, Gs^Fms, Gs^Fds, Gs^Fds, Gs^Fms, Gs^Fms, Gs^Fds, Gs^Fds, Gs^Fds, Gs^Fds, Gs^Fms, Gs^Fms, Gs^Fds
Gs^Fds, Gs^Fds, Re, Gs^Fds, Gs^Fms, Gs^Fms, Gs^Fms, Gs^Fms, Gs^Fms, Gs^Fms, Gs^Fms, Gs^Fds, Gs^Fds, Gs^Fds, Gs^Fds, Gs^Fds, Gs^Fds, Gs^Fds, Gs^Fds, Gs^Fds, Gg^Ve, Gs^Fds, Gs^Fds, Gs^Fds, Gs^Fds, Gs^Fds, Gs^Fds, Gs^Fds, Gs^Fds, Re, Gs^Fds, Gs^Fds, Gs^Fds, Gs^Fds, Gs^Fds, Gs^Fms, Gs^Fms, Gs^Fms, Gs^Fms, Gs^Fms, Gs^Fds, Gs^Fds, Gs^Fds, Gs^Fds, Gs^Fds, Gs^Fds, Gg^Ve, Gs^Fds, Gs^Fds, Gs^Fms, Gs^Fds, Gs^Fds, Gs^Fds, Gs^Fds, Gs^Fds, Gs^Fms, Gs^Fds
