_f, _f, _f, _f, _f, _f, _f, _f, _f, _f, _f, _f, _f, _f, _f, _f, _f, _f, _f, _f, _f, _f, _f, _f, _f, _f, _f, _f, _f, _f, _f, _f, _f, _f, _f, _f, _f, _f, _f, _f, _f, _f, _f, _f, _f, _f, _f, _f, _f, _f, _f, _f, _f
_f, _f, _f, _f, _f, _f, _f, _f, _f, _f, _f, _f, _f, _f, _f, _f, _f, _f, _f, _f, _f, _f, _f, _f, _f, _f, _f, _f, _f, _f, _f, _f, _f, _f, _f, _f, _f, _f, _f, _f, _f, _f, _f, _f, _f, _f, _f, _f, _f, _f, _f, _f, _f
_f, _f, _f, _f, _f, _f, _f, _f, _f, _f, _f, _f, _f, _f, _f, _f, _f, _f, _f, _f, _f, _f, _f, _f, _f, _f, _f, _f, _f, _f, _f, _f, _f, _f, _f, _f, _f, _f, _f, _f, _f, _f, _f, _f, _f, _f, _f, _f, _f, _f, _f, _f, _f
_f, _f, _f, _f, _f, _f, _f, _f, _f, _f, _f, _f, Qlf, _f, _f, _f, _f, _f, _f, _f, _f, _f, _f, _f, _f, _f, _f, _f, _f, _f, _f, _f, _f, _f, _f, _f, _f, _f, _f, _f, _f, _f, _f, _f, _f, _f, _f, _f, _f, _f, _f, _f, _f
_f, _f, _f, _f, _f, _f, _f, _f, _f, _f, Qlf, Qlf, Uu, Qlf, _f, _f, _f, _f, _f, _f, _f, _f, _f, _f, _f, _f, _f, _f, _f, _f, _f, _f, _f, _f, _f, _f, _f, _f, _f, _f, _f, _f, _f, _f, _f, _f, _f, _f, _f, _f, _f, _f, _f
_f, _f, _f, _f, _f, _f, _f, _f, _f, Qlf, Uu, Uu, Uu, Qlf, _f, _f, _f, _f, _f, _f, _f, _f, _f, _f, _f, _f, _f, _f, _f, _f, _f, _f, _f, _f, _f, _f, _f, _f, _f, _f, _f, _f, _f, _f, _f, _f, _f, _f, _f, _f, _f, _f, _f
_f, _f, _f, _f, _f, _f, _f, _f, _f, Qlf, Qlf, Uu, Qlf, Qlf, _f, _f, _f, _f, _f, _f, _f, _f, _f, _f, _f, _f, _f, _f, _f, _f, _f, _f, _f, _f, _f, _f, _f, _f, _f, _f, _f, _f, _f, _f, _f, _f, _f, _f, _f, _f, _f, _f, _f
_f, _f, _f, _f, _f, _f, _f, _f, _f, _f, _f, Qlf, _f, _f, _f, _f, _f, _f, _f, _f, _f, _f, _f, _f, _f, _f, _f, _f, _f, _f, _f, _f, _f, _f, _f, _f, _f, _f, _f, _f, _f, _f, _f, _f, _f, _f, _f, _f, _f, _f, _f, _f, _f
_f, _f, _f, _f, _f, _f, _f, _f, _f, _f, _f, _f, _f, _f, _f, _f, _f, _f, _f, _f, _f, _f, _f, _f, _f, _f, _f, _f, _f, _f, _f, _f, _f, _f, _f, _f, _f, _f, _f, _f, _f, _f, _f, _f, _f, _f, _f, _f, _f, _f, _f, _f, _f
_f, _f, _f, _f, _f, _f, _f, _f, _f, _f, _f, _f, _f, _f, _f, _f, _f, _f, _f, _f, _f, _f, _f, _f, _f, _f, _f, _f, _f, _f, _f, _f, _f, _f, _f, _f, _f, _f, _f, _f, _f, _f, _f, _f, _f, _f, _f, _f, _f, _f, _f, _f, _f
_f, _f, _f, _f, _f, _f, _f, _f, _f, _f, _f, _f, _f, _f, _f, _f, _f, _f, _f, _f, _f, _f, _f, _f, _f, _f, _f, _f, _f, _f, _f, _f, _f, _f, _f, _f, _f, _f, _f, _f, _f, _f, _f, _f, _f, _f, _f, _f, _f, _f, _f, _f, _f
_f, _f, _f, _f, _f, _f, _f, _f, _f, _f, _f, _f, _f, _f, _f, _f, _f, _f, _f, _f, _f, _f, _f, _f, _f, _f, _f, _f, _f, _f, _f, _f, _f, _f, _f, _f, _f, _f, _f, _f, _f, _f, _f, _f, _f, _f, _f, _f, _f, _f, _f, _f, _f
_f, _f, _f, _f, _f, _f, _f, _f, _f, _f, _f, _f, _f, _f, _f, _f, _f, _f, _f, _f, _f, _f, _f, _f, _f, _f, _f, _f, _f, _f, _f, _f, _f, _f, _f, _f, _f, _f, _f, _f, _f, _f, _f, _f, _f, _f, _f, _f, _f, _f, _f, _f, _f
_f, _f, _f, _f, _f, _f, _f, _f, _f, _f, _f, _f, _f, _f, _f, _f, _f, _f, _f, _f, _f, _f, _f, _f, _f, _f, _f, _f, _f, _f, _f, _f, _f, _f, _f, _f, _f, _f, _f, _f, _f, _f, _f, _f, _f, _f, _f, _f, _f, _f, _f, _f, _f
_f, _f, _f, _f, _f, _f, _f, _f, _f, _f, _f, _f, _f, _f, _f, _f, _f, _f, _f, _f, _f, _f, _f, _f, _f, _f, _f, _f, _f, _f, _f, _f, _f, _f, _f, _f, _f, _f, _f, _f, _f, _f, _f, _f, _f, _f, _f, _f, _f, _f, _f, _f, _f
_f, _f, _f, _f, _f, _f, _f, _f, _f, _f, _f, _f, _f, _f, _f, _f, _f, _f, _f, _f, _f, _f, _f, _f, _f, _f, _f, _f, _f, _f, _f, _f, _f, _f, _f, _f, _f, _f, _f, _f, _f, _f, _f, _f, _f, _f, _f, _f, _f, _f, _f, _f, _f
_f, _f, _f, _f, _f, _f, _f, _f, _f, _f, _f, _f, _f, _f, _f, _f, _f, _f, _f, _f, _f, _f, _f, _f, _f, _f, _f, _f, _f, _f, _f, _f, _f, _f, _f, _f, _f, _f, _f, _f, _f, _f, _f, _f, _f, _f, _f, _f, _f, _f, _f, _f, _f
_f, _f, _f, _f, _f, _f, _f, _f, _f, _f, _f, _f, _f, _f, _f, _f, _f, _f, _f, _f, _f, _f, _f, _f, _f, _f, _f, _f, _f, _f, _f, _f, _f, _f, _f, _f, _f, _f, _f, _f, _f, _f, _f, _f, _f, _f, _f, _f, _f, _f, _f, _f, _f
_f, _f, _f, _f, _f, _f, _f, _f, _f, _f, _f, _f, _f, _f, _f, _f, _f, _f, _f, _f, _f, _f, _f, _f, _f, _f, _f, _f, _f, _f, _f, _f, _f, _f, _f, _f, _f, _f, _f, _f, _f, _f, _f, _f, _f, _f, _f, _f, _f, _f, _f, _f, _f
_f, _f, _f, _f, _f, _f, _f, _f, _f, _f, _f, _f, _f, _f, _f, _f, _f, _f, _f, _f, _f, _f, _f, _f, _f, _f, _f, _f, _f, _f, _f, _f, _f, _f, _f, _f, _f, _f, _f, _f, _f, _f, _f, _f, _f, _f, _f, _f, _f, _f, _f, _f, _f
_f, _f, _f, _f, _f, _f, _f, _f, _f, _f, _f, _f, _f, _f, _f, _f, _f, _f, _f, _f, _f, _f, _f, _f, _f, _f, _f, _f, _f, _f, _f, _f, _f, _f, _f, _f, _f, _f, _f, _f, _f, _f, _f, _f, _f, _f, _f, _f, _f, _f, _f, _f, _f
_f, _f, _f, _f, _f, _f, _f, _f, _f, _f, _f, _f, _f, _f, _f, _f, _f, _f, _f, _f, _f, _f, _f, _f, _f, _f, _f, _f, _f, _f, _f, _f, _f, _f, _f, _f, _f, _f, _f, _f, _f, _f, _f, _f, _f, _f, _f, _f, _f, _f, _f, _f, _f
_f, _f, _f, _f, _f, _f, _f, _f, _f, _f, _f, _f, _f, _f, _f, _f, _f, _f, _f, _f, _f, _f, _f, _f, _f, _f, _f, _f, _f, _f, _f, _f, _f, _f, _f, _f, _f, _f, _f, _f, _f, _f, _f, _f, _f, _f, _f, _f, _f, _f, _f, _f, _f
_f, _f, _f, _f, _f, _f, _f, _f, _f, _f, _f, _f, _f, _f, _f, _f, _f, _f, _f, _f, _f, _f, _f, _f, _f, _f, _f, _f, _f, _f, _f, _f, _f, _f, _f, _f, _f, _f, _f, _f, _f, _f, _f, _f, _f, _f, _f, _f, _f, _f, _f, _f, _f
_f, _f, _f, _f, _f, _f, _f, _f, _f, _f, _f, _f, _f, _f, _f, _f, _f, _f, _f, _f, _f, _f, _f, _f, _f, _f, _f, _f, _f, _f, _f, _f, _f, _f, _f, _f, _f, _f, _f, _f, _f, _f, _f, _f, _f, _f, _f, _f, _f, _f, _f, _f, _f
_f, _f, _f, _f, _f, _f, _f, _f, _f, _f, _f, _f, _f, _f, _f, _f, _f, _f, _f, _f, _f, _f, _f, _f, _f, _f, _f, _f, _f, _f, _f, _f, _f, _f, _f, _f, _f, _f, _f, _f, _f, _f, _f, _f, _f, _f, _f, _f, _f, _f, _f, _f, _f
_f, _f, _f, _f, _f, _f, _f, _f, _f, _f, _f, _f, _f, _f, _f, _f, _f, _f, _f, _f, _f, _f, _f, _f, _f, _f, _f, _f, _f, _f, _f, _f, _f, _f, _f, _f, _f, _f, _f, _f, _f, _f, _f, _f, _f, _f, _f, _f, _f, _f, _f, _f, _f
_f, _f, _f, _f, _f, _f, _f, _f, _f, _f, _f, _f, _f, _f, _f, _f, _f, _f, _f, _f, _f, _f, _f, _f, _f, _f, _f, _f, _f, _f, _f, _f, _f, _f, _f, _f, _f, _f, _f, _f, _f, _f, _f, _f, _f, _f, _f, _f, _f, _f, _f, _f, _f
_f, _f, _f, _f, _f, _f, _f, _f, _f, _f, _f, _f, _f, _f, _f, _f, _f, _f, _f, _f, _f, _f, _f, _f, _f, _f, _f, _f, _f, _f, _f, _f, _f, _f, _f, _f, _f, _f, _f, _f, _f, _f, _f, _f, _f, _f, _f, _f, _f, _f, _f, _f, _f
_f, _f, _f, _f, _f, _f, _f, _f, _f, _f, _f, _f, _f, _f, _f, _f, _f, _f, _f, _f, _f, _f, _f, _f, _f, _f, _f, _f, _f, _f, _f, _f, _f, _f, _f, _f, _f, _f, _f, _f, _f, _f, _f, _f, _f, _f, _f, _f, _f, _f, _f, _f, _f
_f, _f, _f, _f, _f, _f, _f, _f, _f, _f, _f, _f, _f, _f, _f, _f, _f, _f, _f, _f, _f, _f, _f, _f, _f, _f, _f, _f, _f, _f, _f, _f, _f, _f, _f, _f, _f, _f, _f, _f, _f, _f, _f, _f, _f, _f, _f, _f, _f, _f, _f, _f, _f
_f, _f, _f, _f, _f, _f, _f, _f, _f, _f, _f, _f, _f, _f, _f, _f, _f, _f, _f, _f, _f, _f, _f, _f, _f, _f, _f, _f, _f, _f, _f, _f, _f, _f, _f, _f, _f, _f, _f, _f, _f, _f, _f, _f, _f, _f, _f, _f, _f, _f, _f, _f, _f
_f, _f, _f, _f, _f, _f, _f, _f, _f, _f, _f, _f, _f, _f, _f, _f, _f, _f, _f, _f, _f, _f, _f, _f, _f, _f, _f, _f, _f, _f, _f, _f, _f, _f, _f, _f, _f, _f, _f, _f, _f, _f, _f, _f, _f, _f, _f, _f, _f, _f, _f, _f, _f
_f, _f, _f, _f, _f, _f, _f, _f, _f, _f, _f, _f, _f, _f, _f, _f, _f, _f, _f, _f, _f, _f, _f, _f, _f, _f, _f, _f, _f, _f, _f, _f, _f, _f, _f, _f, _f, _f, _f, _f, _f, _f, _f, _f, _f, _f, _f, _f, _f, _f, _f, _f, _f
_f, _f, _f, _f, _f, _f, _f, _f, _f, _f, _f, _f, _f, _f, _f, _f, _f, _f, _f, _f, _f, _f, _f, _f, _f, _f, _f, _f, _f, _f, _f, _f, _f, _f, _f, _f, _f, _f, _f, _f, _f, _f, _f, _f, _f, _f, _f, _f, _f, _f, _f, _f, _f
_f, _f, _f, _f, _f, _f, _f, _f, _f, _f, _f, _f, _f, _f, _f, _f, _f, _f, _f, _f, _f, _f, _f, _f, _f, _f, _f, _f, _f, _f, _f, _f, _f, _f, _f, _f, _f, _f, _f, _f, _f, _f, _f, _f, _f, _f, _f, _f, _f, _f, _f, _f, _f
_f, _f, _f, _f, _f, _f, _f, _f, _f, _f, _f, _f, _f, _f, _f, _f, _f, _f, _f, _f, _f, _f, _f, _f, _f, _f, _f, _f, _f, _f, _f, _f, _f, _f, _f, _f, _f, _f, _f, _f, _f, _f, _f, _f, _f, _f, _f, _f, _f, _f, _f, _f, _f
_f, _f, _f, _f, _f, _f, _f, _f, _f, _f, _f, _f, _f, _f, _f, _f, _f, _f, _f, _f, _f, _f, _f, _f, _f, _f, _f, _f, _f, _f, _f, _f, _f, _f, _f, _f, _f, _f, _f, _f, _f, _f, _f, _f, _f, _f, _f, _f, _f, _f, _f, _f, _f
_f, _f, _f, _f, _f, _f, _f, _f, _f, _f, _f, _f, _f, _f, _f, _f, _f, _f, _f, _f, _f, _f, _f, _f, _f, _f, _f, _f, _f, _f, _f, _f, _f, _f, _f, _f, _f, _f, _f, _f, _f, _f, _f, _f, _f, _f, _f, _f, _f, _f, _f, _f, _f
_f, _f, _f, _f, _f, _f, _f, _f, _f, _f, _f, _f, _f, _f, _f, _f, _f, _f, _f, _f, _f, _f, _f, _f, _f, _f, _f, _f, _f, _f, _f, _f, _f, _f, _f, _f, _f, _f, _f, _f, _f, _f, _f, _f, _f, _f, _f, _f, _f, _f, _f, _f, _f
_f, _f, _f, _f, _f, _f, _f, _f, _f, _f, _f, _f, _f, _f, _f, _f, _f, _f, _f, _f, _f, _f, _f, _f, _f, _f, _f, _f, _f, _f, _f, _f, _f, _f, _f, _f, _f, _f, _f, _f, _f, _f, _f, _f, _f, _f, _f, _f, _f, _f, _f, _f, _f
_f, _f, _f, _f, _f, _f, _f, _f, _f, _f, _f, _f, _f, _f, _f, _f, _f, _f, _f, _f, _f, _f, _f, _f, _f, _f, _f, _f, _f, _f, _f, _f, _f, _f, _f, _f, _f, _f, _f, _f, _f, _f, _f, _f, _f, _f, _f, _f, _f, _f, _f, _f, _f
_f, _f, _f, _f, _f, _f, _f, _f, _f, _f, _f, _f, _f, _f, _f, _f, _f, _f, _f, _f, _f, _f, _f, _f, _f, _f, _f, _f, _f, _f, _f, _f, _f, _f, _f, _f, _f, _f, _f, _f, _f, _f, _f, _f, _f, _f, _f, _f, _f, _f, _f, _f, _f
_f, _f, _f, _f, _f, _f, 1 _f, _f, _f, _f, _f, _f, _f, _f, _f, _f, _f, _f, _f, _f, _f, _f, _f, _f, _f, _f, _f, _f, _f, _f, _f, _f, _f, _f, _f, _f, _f, _f, _f, _f, _f, _f, _f, _f, _f, _f, _f, _f, _f, _f, _f, _f, _f
_f, _f, _f, _f, _f, _f, _f, _f, _f, _f, _f, _f, _f, _f, _f, _f, _f, _f, _f, _f, _f, _f, _f, _f, _f, _f, _f, _f, _f, _f, _f, _f, _f, _f, _f, _f, _f, _f, _f, _f, _f, _f, _f, _f, _f, _f, _f, _f, _f, _f, _f, _f, _f
_f, _f, _f, _f, _f, _f, _f, _f, _f, _f, _f, _f, _f, _f, _f, _f, _f, _f, _f, _f, _f, _f, _f, _f, _f, _f, _f, _f, _f, _f, _f, _f, _f, _f, _f, _f, _f, _f, _f, _f, _f, _f, _f, _f, _f, _f, _f, _f, _f, _f, _f, _f, _f
