_f, _f, _f, _f, _f, _f, _f, _f, _f, _f, _f, _f, _f, _f, _f, _f, _f, _f, _f, _f, _f, _f, _f, _f, _f, _f, _f, _f, _f, _f, _f, _f, _f, _f, _f, _f, _f, _f, _f, _f, _f, _f, _f, _f, _f, _f, _f, _f, _f, _f, _f, _f, _f
_f, _f, _f, _f, _f, _f, _f, _f, _f, _f, _f, _f, _f, _f, _f, _f, _f, _f, _f, _f, _f, _f, _f, _f, _f, _f, _f, _f, _f, _f, _f, _f, _f, _f, _f, _f, _f, _f, _f, _f, _f, _f, _f, _f, _f, _f, _f, _f, _f, _f, _f, _f, _f
_f, _f, _f, _f, _f, _f, _f, _f, _f, _f, _f, _f, _f, _f, _f, _f, _f, _f, _f, _f, _f, _f, _f, _f, _f, _f, _f, _f, _f, _f, _f, _f, _f, _f, _f, _f, _f, _f, _f, _f, _f, _f, _f, _f, _f, _f, _f, _f, _f, _f, _f, _f, _f
_f, _f, _f, _f, _f, _f, _f, _f, _f, _f, _f, _f, _f, _f, _f, _f, _f, _f, _f, _f, _f, _f, _f, _f, _f, _f, _f, _f, _f, _f, _f, _f, _f, _f, _f, _f, _f, _f, _f, _f, _f, _f, _f, _f, _f, _f, _f, _f, _f, _f, _f, _f, _f
_f, _f, _f, _f, _f, _f, _f, _f, _f, _f, _f, _f, _f, _f, _f, _f, _f, _f, _f, _f, _f, _f, _f, _f, _f, _f, _f, _f, _f, _f, _f, _f, _f, _f, _f, _f, _f, _f, _f, _f, _f, _f, _f, _f, _f, _f, _f, _f, _f, _f, _f, _f, _f
_f, _f, _f, _f, _f, _f, _f, _f, _f, _f, _f, _f, _f, _f, _f, _f, _f, _f, _f, _f, _f, _f, _f, _f, _f, _f, _f, _f, _f, _f, _f, _f, _f, _f, _f, _f, _f, _f, _f, _f, _f, _f, _f, _f, _f, _f, _f, _f, _f, _f, _f, _f, _f
_f, _f, _f, _f, _f, _f, _f, _f, _f, _f, _f, _f, _f, _f, _f, _f, _f, _f, _f, _f, _f, _f, _f, _f, _f, _f, _f, _f, _f, _f, _f, _f, _f, _f, _f, _f, _f, _f, _f, _f, _f, _f, _f, _f, _f, _f, _f, _f, _f, _f, _f, _f, _f
_f, _f, _f, _f, _f, _f, _f, _f, _f, _f, _f, _f, _f, _f, _f, _f, _f, _f, _f, _f, _f, _f, _f, _f, _f, _f, _f, _f, _f, _f, _f, _f, _f, _f, _f, _f, _f, _f, _f, _f, _f, _f, _f, _f, _f, _f, _f, _f, _f, _f, _f, _f, _f
_f, _f, _f, _f, _f, _f, _f, _f, _f, _f, _f, _f, _f, _f, _f, _f, _f, _f, _f, _f, _f, _f, _f, _f, _f, _f, _f, _f, _f, _f, _f, _f, _f, _f, _f, _f, _f, _f, _f, _f, _f, _f, _f, _f, _f, _f, _f, _f, _f, _f, _f, _f, _f
_f, _f, _f, _f, _f, _f, _f, _f, _f, _f, _f, _f, _f, _f, _f, _f, _f, _f, _f, _f, _f, _f, _f, _f, _f, _f, _f, _f, _f, _f, _f, _f, _f, _f, _f, _f, _f, _f, _f, _f, _f, _f, _f, _f, _f, _f, _f, _f, _f, _f, _f, _f, _f
_f, _f, _f, _f, _f, _f, _f, _f, _f, _f, _f, _f, _f, _f, _f, _f, _f, _f, _f, _f, _f, _f, _f, _f, _f, _f, _f, _f, _f, _f, _f, _f, _f, _f, _f, _f, _f, _f, _f, _f, _f, _f, _f, _f, _f, _f, _f, _f, _f, _f, _f, _f, _f
_f, _f, _f, _f, _f, _f, _f, _f, _f, _f, _f, _f, _f, _f, _f, _f, _f, _f, _f, _f, _f, _f, _f, _f, _f, _f, _f, _f, _f, _f, _f, _f, _f, _f, _f, _f, _f, _f, _f, _f, _f, _f, _f, _f, _f, _f, _f, _f, _f, _f, _f, _f, _f
_f, _f, _f, _f, _f, _f, _f, _f, _f, _f, _f, _f, _f, _f, _f, _f, _f, _f, _f, _f, _f, _f, _f, _f, _f, _f, _f, _f, _f, _f, _f, _f, _f, _f, _f, _f, _f, _f, _f, _f, _f, _f, _f, _f, _f, _f, _f, _f, _f, _f, _f, _f, _f
_f, _f, _f, _f, _f, _f, _f, _f, _f, _f, _f, _f, _f, _f, _f, _f, _f, _f, _f, _f, _f, _f, _f, _f, _f, _f, _f, _f, _f, _f, _f, _f, _f, _f, _f, _f, _f, _f, _f, _f, _f, _f, _f, _f, _f, _f, _f, _f, _f, _f, _f, _f, _f
_f, _f, _f, _f, _f, _f, _f, _f, _f, _f, _f, _f, _f, _f, _f, _f, _f, _f, _f, _f, _f, _f, _f, _f, _f, _f, _f, _f, _f, _f, _f, _f, _f, _f, _f, _f, _f, _f, _f, _f, _f, _f, _f, _f, _f, _f, _f, _f, _f, _f, _f, _f, _f
_f, _f, _f, _f, _f, _f, _f, _f, _f, _f, _f, _f, _f, _f, _f, _f, _f, _f, _f, _f, _f, _f, _f, _f, _f, _f, _f, _f, _f, _f, _f, _f, _f, _f, _f, _f, _f, _f, _f, _f, _f, _f, _f, _f, _f, _f, _f, _f, _f, _f, _f, _f, _f
_f, _f, _f, _f, _f, _f, _f, _f, _f, _f, _f, _f, _f, _f, _f, _f, _f, _f, _f, _f, _f, _f, _f, _f, _f, _f, _f, _f, _f, _f, _f, _f, _f, _f, _f, _f, _f, _f, _f, _f, _f, _f, _f, _f, _f, _f, _f, _f, _f, _f, _f, _f, _f
_f, _f, _f, _f, _f, _f, _f, _f, _f, _f, _f, _f, _f, _f, _f, _f, _f, _f, _f, _f, _f, _f, _f, _f, _f, _f, _f, _f, _f, _f, _f, _f, _f, _f, _f, _f, _f, _f, _f, _f, _f, _f, _f, _f, _f, _f, _f, _f, _f, _f, _f, _f, _f
_f, _f, _f, _f, _f, _f, _f, _f, _f, _f, _f, _f, _f, _f, _f, _f, _f, _f, _f, _f, _f, _f, _f, _f, _f, _f, _f, _f, _f, _f, _f, _f, _f, _f, _f, _f, _f, _f, _f, _f, _f, _f, _f, _f, _f, _f, _f, _f, _f, _f, _f, _f, _f
_f, _f, _f, _f, _f, _f, _f, _f, _f, _f, _f, _f, _f, _f, _f, _f, _f, _f, _f, _f, _f, _f, _f, _f, _f, _f, _f, _f, _f, _f, _f, _f, _f, _f, _f, _f, _f, _f, _f, _f, _f, _f, _f, _f, _f, _f, _f, _f, _f, _f, _f, _f, _f
_f, _f, _f, _f, _f, _f, _f, _f, _f, _f, _f, _f, _f, _f, _f, _f, _f, _f, _f, _f, _f, _f, _f, _f, _f, _f, _f, _f, _f, _f, _f, _f, _f, _f, _f, _f, _f, _f, _f, _f, _f, _f, _f, _f, _f, _f, _f, _f, _f, _f, _f, _f, _f
_f, _f, _f, _f, _f, _f, _f, _f, _f, _f, _f, _f, _f, _f, _f, _f, _f, _f, _f, _f, _f, _f, _f, _f, _f, _f, _f, _f, _f, _f, _f, _f, _f, _f, _f, _f, _f, _f, _f, _f, _f, _f, _f, _f, _f, _f, _f, _f, _f, _f, _f, _f, _f
_f, _f, _f, _f, _f, _f, _f, _f, _f, _f, _f, _f, _f, _f, _f, _f, _f, _f, _f, _f, _f, _f, _f, _f, _f, _f, _f, _f, _f, _f, _f, _f, _f, _f, _f, _f, _f, _f, _f, _f, _f, _f, _f, _f, _f, _f, _f, _f, _f, _f, _f, _f, _f
_f, _f, _f, _f, _f, _f, _f, _f, _f, _f, _f, _f, _f, _f, _f, _f, _f, _f, _f, _f, _f, _f, _f, _f, _f, _f, _f, _f, _f, _f, _f, _f, _f, _f, _f, _f, _f, _f, _f, _f, _f, _f, _f, _f, _f, _f, _f, _f, _f, _f, _f, _f, _f
_f, _f, _f, _f, _f, _f, _f, _f, _f, _f, _f, _f, _f, _f, _f, _f, _f, _f, _f, _f, _f, _f, _f, _f, _f, _f, _f, _f, _f, _f, _f, _f, _f, _f, _f, _f, _f, _f, _f, _f, _f, _f, _f, _f, _f, _f, _f, _f, _f, _f, _f, _f, _f
_f, _f, _f, _f, _f, _f, _f, _f, _f, _f, _f, _f, _f, _f, _f, _f, _f, _f, _f, _f, _f, _f, _f, _f, _f, _f, _f, _f, _f, _f, _f, _f, _f, _f, _f, _f, _f, _f, _f, _f, _f, _f, _f, _f, _f, _f, _f, _f, _f, _f, _f, _f, _f
_f, _f, _f, _f, _f, _f, _f, _f, _f, _f, _f, _f, _f, _f, _f, _f, _f, _f, _f, _f, _f, _f, _f, _f, _f, _f, _f, _f, _f, _f, _f, _f, _f, _f, _f, _f, _f, _f, _f, _f, _f, _f, _f, _f, _f, _f, _f, _f, _f, _f, _f, _f, _f
_f, _f, _f, _f, _f, _f, _f, _f, _f, _f, _f, _f, _f, _f, _f, _f, _f, _f, _f, _f, _f, _f, _f, _f, _f, _f, _f, _f, _f, _f, _f, _f, _f, _f, _f, _f, _f, _f, _f, _f, _f, _f, _f, _f, _f, _f, _f, _f, _f, _f, _f, _f, _f
_f, _f, _f, _f, _f, _f, _f, _f, _f, _f, _f, _f, _f, _f, _f, _f, _f, _f, _f, _f, _f, _f, _f, _f, _f, _f, _f, _f, _f, _f, _f, _f, _f, _f, _f, _f, _f, _f, _f, _f, _f, _f, _f, _f, _f, _f, _f, _f, _f, _f, _f, _f, _f
_f, _f, _f, _f, _f, _f, _f, _f, _f, _f, _f, _f, _f, _f, _f, _f, _f, _f, _f, _f, _f, _f, _f, _f, _f, _f, _f, _f, _f, _f, _f, _f, _f, _f, _f, _f, _f, _f, _f, _f, _f, _f, _f, _f, _f, _f, _f, _f, _f, _f, _f, _f, _f
_f, _f, _f, _f, _f, _f, _f, _f, _f, _f, _f, _f, _f, _f, _f, _f, _f, _f, _f, _f, _f, _f, _f, _f, _f, _f, _f, _f, Ms, _f, Ms, _f, Ms, _f, _f, _f, _f, _f, _f, _f, _f, _f, _f, _f, _f, _f, _f, _f, _f, _f, _f, _f, _f
_f, _f, _f, _f, _f, _f, _f, _f, _f, _f, _f, _f, _f, _f, _f, _f, _f, _f, _f, _f, _f, _f, _f, _f, _f, _f, Ha, Ha, Ms, Ms, Ms, Ms, Ms, Ms, Ms, _f, _f, _f, _f, _f, _f, _f, _f, _f, _f, _f, _f, _f, _f, _f, _f, _f, _f
_f, _f, _f, _f, _f, _f, _f, _f, _f, _f, _f, _f, _f, _f, _f, _f, _f, _f, _f, _f, _f, _f, _f, _f, _f, _f, Ha, Ha, Ha, Ms, Aa, Aa, Ha, Ms, Ms, Aa, _f, _f, _f, _f, _f, _f, _f, _f, _f, _f, _f, _f, _f, _f, _f, _f, _f
_f, _f, _f, _f, _f, _f, _f, _f, _f, _f, _f, _f, _f, _f, _f, _f, _f, _f, _f, _f, _f, _f, _f, _f, _f, _f, _f, Ha, Ha, Ha, Aa, Aa, Ha, Ha, Ha, Ha, _f, _f, _f, _f, _f, _f, _f, _f, _f, _f, _f, _f, _f, _f, _f, _f, _f
_f, _f, _f, _f, _f, _f, _f, _f, _f, _f, _f, _f, _f, _f, _f, _f, _f, _f, _f, _f, _f, _f, _f, _f, _f, _f, _f, Ha, Ha, Aa^Fpa, Aa, Aa, Aa^Fpa, Aa^Fpa, Ha, Ha, _f, _f, _f, _f, _f, _f, _f, _f, _f, _f, _f, _f, _f, _f, _f, _f, _f
_f, _f, _f, _f, _f, _f, _f, _f, _f, _f, _f, _f, _f, _f, _f, _f, _f, _f, _f, _f, _f, _f, _f, _f, _f, _f, _f, _f, _f, Aa^Fpa, _f, Aa, _f, Aa^Fpa, _f, _f, _f, _f, _f, _f, _f, _f, _f, _f, _f, _f, _f, _f, _f, _f, _f, _f, _f
_f, _f, _f, _f, _f, _f, _f, _f, _f, _f, _f, _f, _f, _f, _f, _f, _f, _f, _f, _f, _f, _f, _f, _f, _f, _f, _f, _f, _f, _f, _f, _f, _f, _f, _f, _f, _f, _f, _f, _f, _f, _f, _f, _f, _f, _f, _f, _f, _f, _f, _f, _f, _f
_f, _f, _f, _f, _f, _f, _f, _f, _f, _f, _f, _f, _f, _f, _f, _f, _f, _f, _f, _f, _f, _f, _f, _f, _f, _f, _f, _f, _f, _f, _f, _f, _f, _f, _f, _f, _f, _f, _f, _f, _f, _f, _f, _f, _f, _f, _f, _f, _f, _f, _f, _f, _f
_f, _f, _f, _f, _f, _f, _f, _f, _f, _f, _f, _f, _f, _f, _f, _f, _f, _f, _f, _f, _f, _f, _f, _f, _f, _f, _f, _f, _f, _f, _f, _f, _f, _f, _f, _f, _f, _f, _f, _f, _f, _f, _f, _f, _f, _f, _f, _f, _f, _f, _f, _f, _f
_f, _f, _f, _f, _f, _f, _f, _f, _f, _f, _f, _f, _f, _f, _f, _f, _f, _f, _f, _f, _f, _f, _f, _f, _f, _f, _f, _f, _f, _f, _f, _f, _f, _f, _f, _f, _f, _f, _f, _f, _f, _f, _f, _f, _f, _f, _f, _f, _f, _f, _f, _f, _f
_f, _f, _f, _f, _f, _f, _f, _f, _f, _f, _f, _f, _f, _f, _f, _f, _f, _f, _f, _f, _f, _f, _f, _f, _f, _f, _f, _f, _f, _f, _f, _f, _f, _f, _f, _f, _f, _f, _f, _f, _f, _f, _f, _f, _f, _f, _f, _f, _f, _f, _f, _f, _f
_f, _f, _f, _f, _f, _f, _f, _f, _f, _f, _f, _f, _f, _f, _f, _f, _f, _f, _f, _f, _f, _f, _f, _f, _f, _f, _f, _f, _f, _f, _f, _f, _f, _f, _f, _f, _f, _f, _f, _f, _f, _f, _f, _f, _f, _f, _f, _f, _f, _f, _f, _f, _f
_f, _f, _f, _f, _f, _f, _f, _f, _f, _f, _f, _f, _f, _f, _f, _f, _f, _f, _f, _f, _f, _f, _f, _f, _f, _f, _f, _f, _f, _f, _f, _f, _f, _f, _f, _f, _f, _f, _f, _f, _f, _f, _f, _f, _f, _f, _f, _f, _f, _f, _f, _f, _f
_f, _f, _f, _f, _f, _f, 1 _f, _f, _f, _f, _f, _f, _f, _f, _f, _f, _f, _f, _f, _f, _f, _f, _f, _f, _f, _f, _f, _f, _f, _f, _f, _f, _f, _f, _f, _f, _f, _f, _f, _f, _f, _f, _f, _f, _f, _f, _f, _f, _f, _f, _f, _f, _f
_f, _f, _f, _f, _f, _f, _f, _f, _f, _f, _f, _f, _f, _f, _f, _f, _f, _f, _f, _f, _f, _f, _f, _f, _f, _f, _f, _f, _f, _f, _f, _f, _f, _f, _f, _f, _f, _f, _f, _f, _f, _f, _f, _f, _f, _f, _f, _f, _f, _f, _f, _f, _f
_f, _f, _f, _f, _f, _f, _f, _f, _f, _f, _f, _f, _f, _f, _f, _f, _f, _f, _f, _f, _f, _f, _f, _f, _f, _f, _f, _f, _f, _f, _f, _f, _f, _f, _f, _f, _f, _f, _f, _f, _f, _f, _f, _f, _f, _f, _f, _f, _f, _f, _f, _f, _f
