_f, _f, _f, _f, _f, _f, _f, _f, _f, _f, _f, _f, _f, _f, _f, _f, _f, _f, _f, _f, _f, _f, _f, _f, _f, _f, _f, _f, _f, _f, _f, _f, _f, _f, _f, _f, _f, _f, _f, _f, _f, _f, _f, _f, _f, _f, _f, _f, _f, _f, _f, _f, _f
_f, _f, _f, _f, _f, _f, _f, _f, _f, _f, _f, _f, _f, _f, _f, _f, _f, _f, _f, _f, _f, _f, _f, _f, _f, _f, _f, _f, _f, _f, _f, _f, _f, _f, _f, _f, _f, _f, _f, _f, _f, _f, _f, _f, _f, _f, _f, _f, _f, _f, _f, _f, _f
_f, _f, _f, _f, _f, _f, _f, _f, _f, _f, _f, _f, _f, _f, _f, _f, _f, _f, _f, _f, _f, _f, _f, _f, _f, _f, _f, _f, _f, _f, _f, _f, _f, _f, _f, _f, _f, _f, _f, _f, _f, _f, _f, _f, _f, _f, _f, _f, _f, _f, _f, _f, _f
_f, _f, _f, _f, _f, _f, _f, _f, _f, _f, _f, _f, _f, _f, _f, _f, _f, _f, _f, _f, _f, _f, _f, _f, _f, _f, _f, _f, _f, _f, _f, _f, _f, _f, _f, _f, _f, _f, _f, _f, _f, _f, _f, _f, _f, _f, _f, _f, _f, _f, _f, _f, _f
_f, _f, _f, _f, _f, _f, _f, _f, _f, _f, _f, _f, _f, _f, _f, _f, _f, _f, _f, _f, _f, _f, _f, _f, _f, _f, _f, _f, _f, _f, _f, _f, _f, _f, _f, _f, _f, _f, _f, _f, _f, _f, _f, _f, _f, _f, _f, _f, _f, _f, _f, _f, _f
_f, _f, _f, _f, _f, _f, _f, _f, _f, _f, _f, _f, _f, _f, _f, _f, _f, _f, _f, _f, _f, _f, _f, _f, _f, _f, _f, _f, _f, _f, _f, _f, _f, _f, _f, _f, _f, _f, _f, _f, _f, _f, _f, _f, _f, _f, _f, _f, _f, _f, _f, _f, _f
_f, _f, _f, _f, _f, _f, _f, _f, _f, _f, _f, _f, _f, _f, _f, _f, _f, _f, _f, _f, _f, _f, _f, _f, _f, _f, _f, _f, _f, _f, _f, _f, _f, _f, _f, _f, _f, _f, _f, _f, _f, _f, _f, _f, _f, _f, _f, _f, _f, _f, _f, _f, _f
_f, _f, _f, _f, _f, _f, _f, _f, _f, _f, _f, _f, _f, _f, _f, _f, _f, _f, _f, _f, _f, _f, _f, _f, _f, _f, _f, _f, _f, _f, _f, _f, _f, _f, _f, _f, _f, _f, _f, _f, _f, _f, _f, _f, _f, _f, _f, _f, _f, _f, _f, _f, _f
_f, _f, _f, _f, _f, _f, _f, _f, _f, _f, _f, _f, _f, _f, _f, _f, _f, _f, _f, _f, _f, _f, _f, _f, _f, _f, _f, _f, _f, _f, _f, _f, _f, _f, _f, _f, _f, _f, _f, _f, _f, _f, _f, _f, _f, _f, _f, _f, _f, _f, _f, _f, _f
_f, _f, _f, _f, _f, _f, _f, _f, _f, _f, _f, _f, _f, _f, _f, _f, _f, _f, _f, _f, _f, _f, _f, _f, _f, _f, _f, _f, _f, _f, _f, _f, _f, _f, _f, _f, _f, _f, _f, _f, _f, _f, _f, _f, _f, _f, _f, _f, _f, _f, _f, _f, _f
_f, _f, _f, _f, _f, _f, _f, _f, _f, _f, _f, _f, _f, _f, _f, _f, _f, _f, _f, _f, _f, _f, _f, _f, _f, _f, _f, _f, _f, _f, _f, _f, _f, _f, _f, _f, _f, _f, _f, _f, _f, _f, _f, _f, _f, _f, _f, _f, _f, _f, _f, _f, _f
_f, _f, _f, _f, _f, _f, Uu, _f, _f, _f, _f, _f, _f, _f, _f, _f, _f, _f, _f, _f, _f, _f, _f, _f, _f, _f, _f, _f, _f, _f, _f, _f, _f, _f, _f, _f, _f, _f, _f, _f, _f, _f, _f, _f, _f, _f, _f, _f, _f, _f, _f, _f, _f
_f, _f, _f, _f, Uu, Uu, Uh, Uu, Uu, _f, _f, _f, _f, _f, _f, _f, _f, _f, _f, _f, _f, _f, _f, _f, _f, _f, _f, _f, _f, _f, _f, _f, _f, _f, _f, _f, _f, _f, _f, _f, _f, _f, _f, _f, _f, _f, _f, _f, _f, _f, _f, _f, _f
_f, _f, _f, Ql, Uu, Uu, Uu, Uh, Uu, _f, _f, _f, _f, _f, _f, _f, _f, _f, _f, _f, _f, _f, _f, _f, _f, _f, _f, _f, _f, _f, _f, _f, _f, _f, _f, _f, _f, _f, _f, _f, _f, _f, _f, _f, _f, _f, _f, _f, _f, _f, _f, _f, _f
_f, _f, _f, Ql, Ql, Ql, Ql, Uu, _f, _f, _f, _f, _f, _f, _f, _f, _f, _f, _f, _f, _f, _f, _f, _f, _f, _f, _f, _f, _f, _f, _f, _f, _f, _f, _f, _f, _f, _f, _f, _f, _f, _f, _f, _f, _f, _f, _f, _f, _f, _f, _f, _f, _f
_f, _f, _f, _f, _f, Ql, _f, _f, _f, _f, _f, _f, _f, _f, _f, _f, _f, _f, _f, _f, _f, _f, _f, _f, _f, _f, _f, _f, _f, _f, _f, _f, _f, _f, _f, _f, _f, _f, _f, _f, _f, _f, _f, _f, _f, _f, _f, _f, _f, _f, _f, _f, _f
_f, _f, _f, _f, _f, _f, _f, _f, _f, _f, _f, _f, _f, _f, _f, _f, _f, _f, _f, _f, _f, _f, _f, _f, _f, _f, _f, _f, _f, _f, _f, _f, _f, _f, _f, _f, _f, _f, _f, _f, _f, _f, _f, _f, _f, _f, _f, _f, _f, _f, _f, _f, _f
_f, _f, _f, _f, _f, _f, _f, _f, _f, _f, _f, _f, _f, _f, _f, _f, _f, _f, _f, _f, _f, _f, _f, _f, _f, _f, _f, _f, _f, _f, _f, _f, _f, _f, _f, _f, _f, _f, _f, _f, _f, _f, _f, _f, _f, _f, _f, _f, _f, _f, _f, _f, _f
_f, _f, _f, _f, _f, _f, _f, _f, _f, _f, _f, _f, _f, _f, _f, _f, _f, _f, _f, _f, _f, _f, _f, _f, _f, _f, _f, _f, _f, _f, _f, _f, _f, _f, _f, _f, _f, _f, _f, _f, _f, _f, _f, _f, _f, _f, _f, _f, _f, _f, _f, _f, _f
_f, _f, _f, _f, _f, _f, _f, _f, _f, _f, _f, _f, _f, _f, _f, _f, _f, _f, _f, _f, _f, _f, _f, _f, _f, _f, _f, _f, _f, _f, _f, _f, _f, _f, _f, _f, _f, _f, _f, _f, _f, _f, _f, _f, _f, _f, _f, _f, _f, _f, _f, _f, _f
_f, _f, _f, _f, _f, _f, _f, _f, _f, _f, _f, _f, _f, _f, _f, _f, _f, _f, _f, _f, _f, _f, _f, _f, _f, _f, _f, _f, _f, _f, _f, _f, _f, _f, _f, _f, _f, _f, _f, _f, _f, _f, _f, _f, _f, _f, _f, _f, _f, _f, _f, _f, _f
_f, _f, _f, _f, _f, _f, _f, _f, _f, _f, _f, _f, _f, _f, _f, _f, _f, _f, _f, _f, _f, _f, _f, _f, _f, _f, _f, _f, _f, _f, _f, _f, _f, _f, _f, _f, _f, _f, _f, _f, _f, _f, _f, _f, _f, _f, _f, _f, _f, _f, _f, _f, _f
_f, _f, _f, _f, _f, _f, _f, _f, _f, _f, _f, _f, _f, _f, _f, _f, _f, _f, _f, _f, _f, _f, _f, _f, _f, _f, _f, _f, _f, _f, _f, _f, _f, _f, _f, _f, _f, _f, _f, _f, _f, _f, _f, _f, _f, _f, _f, _f, _f, _f, _f, _f, _f
_f, _f, _f, _f, _f, _f, _f, _f, _f, _f, _f, _f, _f, _f, _f, _f, _f, _f, _f, _f, _f, _f, _f, _f, _f, _f, _f, _f, _f, _f, _f, _f, _f, _f, _f, _f, _f, _f, _f, _f, _f, _f, _f, _f, _f, _f, _f, _f, _f, _f, _f, _f, _f
_f, _f, _f, _f, _f, _f, _f, _f, _f, _f, _f, _f, _f, _f, _f, _f, _f, _f, _f, _f, _f, _f, _f, _f, _f, _f, _f, _f, _f, _f, _f, _f, _f, _f, _f, _f, _f, _f, _f, _f, _f, _f, _f, _f, _f, _f, _f, _f, _f, _f, _f, _f, _f
_f, _f, _f, _f, _f, _f, _f, _f, _f, _f, _f, _f, _f, _f, _f, _f, _f, _f, _f, _f, _f, _f, _f, _f, _f, _f, _f, _f, _f, _f, _f, _f, _f, _f, _f, _f, _f, _f, _f, _f, _f, _f, _f, _f, _f, _f, _f, _f, _f, _f, _f, _f, _f
_f, _f, _f, _f, _f, _f, _f, _f, _f, _f, _f, _f, _f, _f, _f, _f, _f, _f, _f, _f, _f, _f, _f, _f, _f, _f, _f, _f, _f, _f, _f, _f, _f, _f, _f, _f, _f, _f, _f, _f, _f, _f, _f, _f, _f, _f, _f, _f, _f, _f, _f, _f, _f
_f, _f, _f, _f, _f, _f, _f, _f, _f, _f, _f, _f, _f, _f, _f, _f, _f, _f, _f, _f, _f, _f, _f, _f, _f, _f, _f, _f, _f, _f, _f, _f, _f, _f, _f, _f, _f, _f, _f, _f, _f, _f, _f, _f, _f, _f, _f, _f, _f, _f, _f, _f, _f
_f, _f, _f, _f, _f, _f, _f, _f, _f, _f, _f, _f, _f, _f, _f, _f, _f, _f, _f, _f, _f, _f, _f, _f, _f, _f, _f, _f, _f, _f, _f, _f, _f, _f, _f, _f, _f, _f, _f, _f, _f, _f, _f, _f, _f, _f, _f, _f, _f, _f, _f, _f, _f
_f, _f, _f, _f, _f, _f, _f, _f, _f, _f, _f, _f, _f, _f, _f, _f, _f, _f, _f, _f, _f, _f, _f, _f, _f, _f, _f, _f, _f, _f, _f, _f, _f, _f, _f, _f, _f, _f, _f, _f, _f, _f, _f, _f, _f, _f, _f, _f, _f, _f, _f, _f, _f
_f, _f, _f, _f, _f, _f, _f, _f, _f, _f, _f, _f, _f, _f, _f, _f, _f, _f, _f, _f, _f, _f, _f, _f, _f, _f, _f, _f, _f, _f, _f, _f, _f, _f, _f, _f, _f, _f, _f, _f, _f, _f, _f, _f, _f, _f, _f, _f, _f, _f, _f, _f, _f
_f, _f, _f, _f, _f, _f, _f, _f, _f, _f, _f, _f, _f, _f, _f, _f, _f, _f, _f, _f, _f, _f, _f, _f, _f, _f, _f, _f, _f, _f, _f, _f, _f, _f, _f, _f, _f, _f, _f, _f, _f, _f, _f, _f, _f, _f, _f, _f, _f, _f, _f, _f, _f
_f, _f, _f, _f, _f, _f, _f, _f, _f, _f, _f, _f, _f, _f, _f, _f, _f, _f, _f, _f, _f, _f, _f, _f, _f, _f, _f, _f, _f, _f, _f, _f, _f, _f, _f, _f, _f, _f, _f, _f, _f, _f, _f, _f, _f, _f, _f, _f, _f, _f, _f, _f, _f
_f, _f, _f, _f, _f, _f, _f, _f, _f, _f, _f, _f, _f, _f, _f, _f, _f, _f, _f, _f, _f, _f, _f, _f, _f, _f, _f, _f, _f, _f, _f, _f, _f, _f, _f, _f, _f, _f, _f, _f, _f, _f, _f, _f, _f, _f, _f, _f, _f, _f, _f, _f, _f
_f, _f, _f, _f, _f, _f, _f, _f, _f, _f, _f, _f, _f, _f, _f, _f, _f, _f, _f, _f, _f, _f, _f, _f, _f, _f, _f, _f, _f, _f, _f, _f, _f, _f, _f, _f, _f, _f, _f, _f, _f, _f, _f, _f, _f, _f, _f, _f, _f, _f, _f, _f, _f
_f, _f, _f, _f, _f, _f, _f, _f, _f, _f, _f, _f, _f, _f, _f, _f, _f, _f, _f, _f, _f, _f, _f, _f, _f, _f, _f, _f, _f, _f, _f, _f, _f, _f, _f, _f, _f, _f, _f, _f, _f, _f, _f, _f, _f, _f, _f, _f, _f, _f, _f, _f, _f
_f, _f, _f, _f, _f, _f, _f, _f, _f, _f, _f, _f, _f, _f, _f, _f, _f, _f, _f, _f, _f, _f, _f, _f, _f, _f, _f, _f, _f, _f, _f, _f, _f, _f, _f, _f, _f, _f, _f, _f, _f, _f, _f, _f, _f, _f, _f, _f, _f, _f, _f, _f, _f
_f, _f, _f, _f, _f, _f, _f, _f, _f, _f, _f, _f, _f, _f, _f, _f, _f, _f, _f, _f, _f, _f, _f, _f, _f, _f, _f, _f, _f, _f, _f, _f, _f, _f, _f, _f, _f, _f, _f, _f, _f, _f, _f, _f, _f, _f, _f, _f, _f, _f, _f, _f, _f
_f, _f, _f, _f, _f, _f, _f, _f, _f, _f, _f, _f, _f, _f, _f, _f, _f, _f, _f, _f, _f, _f, _f, _f, _f, _f, _f, _f, _f, _f, _f, _f, _f, _f, _f, _f, _f, _f, _f, _f, _f, _f, _f, _f, _f, _f, _f, _f, _f, _f, _f, _f, _f
_f, _f, _f, _f, _f, _f, _f, _f, _f, _f, _f, _f, _f, _f, _f, _f, _f, _f, _f, _f, _f, _f, _f, _f, _f, _f, _f, _f, _f, _f, _f, _f, _f, _f, _f, _f, _f, _f, _f, _f, _f, _f, _f, _f, _f, _f, _f, _f, _f, _f, _f, _f, _f
_f, _f, _f, _f, _f, _f, _f, _f, _f, _f, _f, _f, _f, _f, _f, _f, _f, _f, _f, _f, _f, _f, _f, _f, _f, _f, _f, _f, _f, _f, _f, _f, _f, _f, _f, _f, _f, _f, _f, _f, _f, _f, _f, _f, _f, _f, _f, _f, _f, _f, _f, _f, _f
_f, _f, _f, _f, _f, _f, _f, _f, _f, _f, _f, _f, _f, _f, _f, _f, _f, _f, _f, _f, _f, _f, _f, _f, _f, _f, _f, _f, _f, _f, _f, _f, _f, _f, _f, _f, _f, _f, _f, _f, _f, _f, _f, _f, _f, _f, _f, _f, _f, _f, _f, _f, _f
_f, _f, _f, _f, _f, _f, _f, _f, _f, _f, _f, _f, _f, _f, _f, _f, _f, _f, _f, _f, _f, _f, _f, _f, _f, _f, _f, _f, _f, _f, _f, _f, _f, _f, _f, _f, _f, _f, _f, _f, _f, _f, _f, _f, _f, _f, _f, _f, _f, _f, _f, _f, _f
_f, _f, _f, _f, _f, _f, 1 _f, _f, _f, _f, _f, _f, _f, _f, _f, _f, _f, _f, _f, _f, _f, _f, _f, _f, _f, _f, _f, _f, _f, _f, _f, _f, _f, _f, _f, _f, _f, _f, _f, _f, _f, _f, _f, _f, _f, _f, _f, _f, _f, _f, _f, _f, _f
_f, _f, _f, _f, _f, _f, _f, _f, _f, _f, _f, _f, _f, _f, _f, _f, _f, _f, _f, _f, _f, _f, _f, _f, _f, _f, _f, _f, _f, _f, _f, _f, _f, _f, _f, _f, _f, _f, _f, _f, _f, _f, _f, _f, _f, _f, _f, _f, _f, _f, _f, _f, _f
_f, _f, _f, _f, _f, _f, _f, _f, _f, _f, _f, _f, _f, _f, _f, _f, _f, _f, _f, _f, _f, _f, _f, _f, _f, _f, _f, _f, _f, _f, _f, _f, _f, _f, _f, _f, _f, _f, _f, _f, _f, _f, _f, _f, _f, _f, _f, _f, _f, _f, _f, _f, _f
