_f, _f, _f, _f, _f, _f, _f, _f, _f, _f, _f, _f, _f, _f, _f, _f, _f, _f, _f, _f, _f, _f, _f, _f, _f, _f, _f, _f, _f, _f, _f, _f, _f, _f, _f, _f, _f, _f, _f, _f, _f, _f, _f, _f, _f, _f, _f, _f, _f, _f, _f, _f, _f
_f, _f, _f, _f, _f, _f, _f, _f, _f, _f, _f, _f, _f, _f, _f, _f, _f, _f, _f, _f, _f, _f, _f, _f, _f, _f, _f, _f, _f, _f, _f, _f, _f, _f, _f, _f, _f, _f, _f, _f, _f, _f, _f, _f, _f, _f, _f, _f, _f, _f, _f, _f, _f
_f, _f, _f, _f, _f, _f, _f, _f, _f, _f, _f, _f, _f, _f, _f, _f, _f, _f, _f, _f, _f, _f, _f, _f, _f, _f, _f, _f, _f, _f, _f, _f, _f, _f, _f, _f, _f, _f, _f, _f, _f, _f, _f, _f, _f, _f, _f, _f, _f, _f, _f, _f, _f
_f, _f, _f, _f, _f, _f, _f, _f, _f, _f, _f, _f, _f, _f, _f, _f, _f, _f, _f, _f, _f, _f, _f, _f, _f, _f, _f, _f, _f, _f, _f, _f, _f, _f, _f, _f, _f, _f, _f, _f, _f, _f, _f, _f, _f, _f, _f, _f, _f, _f, _f, _f, _f
_f, _f, _f, _f, _f, _f, _f, _f, _f, _f, _f, _f, _f, _f, _f, _f, _f, _f, _f, _f, _f, _f, _f, _f, _f, _f, _f, _f, _f, _f, _f, _f, _f, _f, _f, _f, _f, _f, _f, _f, _f, _f, _f, _f, _f, _f, _f, _f, _f, _f, _f, _f, _f
_f, _f, _f, _f, _f, _f, _f, _f, _f, _f, _f, _f, _f, _f, _f, _f, _f, _f, _f, _f, _f, _f, _f, _f, _f, _f, _f, _f, _f, _f, _f, _f, _f, _f, _f, _f, _f, _f, _f, _f, _f, _f, _f, _f, _f, _f, _f, _f, _f, _f, _f, _f, _f
_f, _f, _f, _f, _f, _f, _f, _f, _f, _f, _f, _f, _f, _f, _f, _f, _f, _f, _f, _f, _f, _f, _f, _f, _f, _f, _f, _f, _f, _f, _f, _f, _f, _f, _f, _f, _f, _f, _f, _f, _f, _f, _f, _f, _f, _f, _f, _f, _f, _f, _f, _f, _f
_f, _f, _f, _f, _f, _f, _f, _f, _f, _f, _f, _f, _f, _f, _f, _f, _f, _f, _f, _f, _f, _f, _f, _f, _f, _f, _f, _f, _f, _f, _f, _f, _f, _f, _f, _f, _f, _f, _f, _f, _f, _f, _f, _f, _f, _f, _f, _f, _f, _f, _f, _f, _f
_f, _f, _f, _f, _f, _f, _f, _f, _f, _f, _f, _f, _f, _f, _f, _f, _f, _f, _f, _f, _f, _f, _f, _f, _f, _f, _f, _f, _f, _f, _f, _f, _f, _f, _f, _f, _f, _f, _f, _f, _f, _f, _f, _f, _f, _f, _f, _f, _f, _f, _f, _f, _f
_f, _f, _f, _f, _f, _f, _f, _f, _f, _f, _f, _f, _f, _f, _f, _f, _f, _f, _f, _f, _f, _f, _f, _f, _f, _f, _f, _f, _f, _f, _f, _f, _f, _f, _f, _f, _f, _f, _f, _f, _f, _f, _f, _f, _f, _f, _f, _f, _f, _f, _f, _f, _f
_f, _f, _f, _f, _f, _f, _f, _f, _f, _f, _f, _f, _f, _f, _f, _f, _f, _f, _f, _f, _f, _f, _f, _f, _f, _f, _f, _f, _f, _f, _f, _f, _f, _f, _f, _f, _f, _f, _f, _f, _f, _f, _f, _f, _f, _f, _f, _f, _f, _f, _f, _f, _f
_f, _f, _f, _f, _f, _f, _f, _f, _f, _f, _f, _f, _f, _f, _f, _f, _f, _f, _f, _f, _f, _f, _f, _f, _f, _f, _f, _f, _f, _f, _f, _f, _f, _f, _f, _f, _f, _f, _f, _f, _f, _f, _f, _f, _f, _f, _f, _f, _f, _f, _f, _f, _f
_f, _f, _f, _f, _f, _f, _f, _f, _f, _f, _f, _f, _f, _f, _f, _f, _f, _f, _f, _f, _f, _f, _f, _f, _f, _f, _f, _f, _f, _f, _f, _f, _f, _f, _f, _f, _f, _f, _f, _f, _f, _f, _f, _f, _f, _f, _f, _f, _f, _f, _f, _f, _f
_f, _f, _f, _f, _f, _f, _f, _f, _f, _f, _f, _f, _f, _f, _f, _f, _f, _f, _f, _f, _f, _f, _f, _f, _f, _f, _f, _f, _f, _f, _f, _f, _f, _f, _f, _f, _f, _f, _f, _f, _f, _f, _f, _f, _f, _f, _f, _f, _f, _f, _f, _f, _f
_f, _f, _f, _f, _f, _f, _f, _f, _f, _f, _f, _f, _f, _f, _f, _f, _f, _f, _f, _f, _f, _f, _f, _f, _f, _f, _f, _f, _f, _f, _f, _f, _f, _f, _f, _f, _f, _f, _f, _f, _f, _f, _f, _f, _f, _f, _f, _f, _f, _f, _f, _f, _f
_f, _f, _f, _f, _f, _f, _f, _f, _f, _f, _f, _f, _f, _f, _f, _f, _f, _f, _f, _f, _f, _f, Gll^Fp, _f, _f, _f, Gg, _f, _f, _f, _f, _f, _f, _f, _f, _f, _f, _f, _f, _f, _f, _f, _f, _f, _f, _f, _f, _f, _f, _f, _f, _f, _f
_f, _f, _f, _f, _f, _f, _f, _f, _f, _f, _f, _f, _f, _f, _f, _f, _f, _f, _f, _f, _f, Gll^Fp, Gll^Fp, Gll^Fp, Gll^Fp, Gg, Gg, Gg, Gll^Fp, Gll^Fp, Gll^Fp, _f, _f, _f, _f, _f, _f, _f, _f, _f, _f, _f, _f, _f, _f, _f, _f, _f, _f, _f, _f, _f, _f
_f, _f, _f, _f, _f, _f, _f, _f, _f, _f, _f, _f, _f, _f, _f, _f, _f, _f, _f, _f, _f, Gll^Fp, Gll^Fp, Gll^Fp, Gll^Fp, Gg, Gg, Gg, Gll^Fp, Gll^Fp, Gll^Fp, Gll^Fp, Gll^Fp, _f, _f, _f, _f, _f, _f, _f, _f, _f, _f, _f, _f, _f, _f, _f, _f, _f, _f, _f, _f
_f, _f, _f, _f, _f, _f, _f, _f, _f, _f, _f, _f, _f, _f, _f, _f, _f, _f, _f, _f, _f, Gll^Fp, Gll^Fp, Gll^Fp, Gg, Gg, Gg, Gg, Gg, Gll^Fp, Gll^Fp, Gll^Fp, Gll^Fp, _f, _f, _f, _f, _f, _f, _f, _f, _f, _f, _f, _f, _f, _f, _f, _f, _f, _f, _f, _f
_f, _f, _f, _f, _f, _f, _f, _f, _f, _f, _f, _f, _f, _f, _f, _f, _f, _f, _f, _f, _f, Gll^Fp, Gll^Fp, Gll^Fp, Gll^Fp, Gg, Gg, Gg, Gg, Gll^Fp, Gll^Fp, Gll^Fp, _f, _f, _f, _f, _f, _f, _f, _f, _f, _f, _f, _f, _f, _f, _f, _f, _f, _f, _f, _f, _f
_f, _f, _f, _f, _f, _f, _f, _f, _f, _f, _f, _f, _f, _f, _f, _f, _f, _f, _f, _f, _f, Gll^Fp, Gll^Fp, Gll^Fp, Gll^Fp, Gg, Gg, Gg, Gll^Fp, Gll^Fp, Gll^Fp, Gll^Fp, _f, _f, _f, _f, _f, _f, _f, _f, _f, _f, _f, _f, _f, _f, _f, _f, _f, _f, _f, _f, _f
_f, _f, _f, _f, _f, _f, _f, _f, _f, _f, _f, _f, _f, _f, _f, _f, _f, _f, _f, _f, _f, Gll^Fp, Gll^Fp, Gll^Fp, Gll^Fp, Gll^Fp, Gll^Fp, Gll^Fp, Gll^Fp, Gll^Fp, Gll^Fp, Gll^Fp, _f, _f, _f, _f, _f, _f, _f, _f, _f, _f, _f, _f, _f, _f, _f, _f, _f, _f, _f, _f, _f
_f, _f, _f, _f, _f, _f, _f, _f, _f, _f, _f, _f, _f, _f, _f, _f, _f, _f, _f, _f, _f, _f, _f, Gll^Fp, Gll^Fp, Gll^Fp, Gll^Fp, Gll^Fp, Gll^Fp, Gll^Fp, Gll^Fp, _f, _f, _f, _f, _f, _f, _f, _f, _f, _f, _f, _f, _f, _f, _f, _f, _f, _f, _f, _f, _f, _f
_f, _f, _f, _f, _f, _f, _f, _f, _f, _f, _f, _f, _f, _f, _f, _f, _f, _f, _f, _f, _f, _f, _f, _f, _f, Gll^Fp, Gll^Fp, Gll^Fp, _f, Gll^Fp, _f, _f, _f, _f, _f, _f, _f, _f, _f, _f, _f, _f, _f, _f, _f, _f, _f, _f, _f, _f, _f, _f, _f
_f, _f, _f, _f, _f, _f, _f, _f, _f, _f, _f, _f, _f, _f, _f, _f, _f, _f, _f, _f, _f, _f, _f, _f, _f, _f, _f, _f, _f, _f, _f, _f, _f, _f, _f, _f, _f, _f, _f, _f, _f, _f, _f, _f, _f, _f, _f, _f, _f, _f, _f, _f, _f
_f, _f, _f, _f, _f, _f, _f, _f, _f, _f, _f, _f, _f, _f, _f, _f, _f, _f, _f, _f, _f, _f, _f, _f, _f, _f, _f, _f, _f, _f, _f, _f, _f, _f, _f, _f, _f, _f, _f, _f, _f, _f, _f, _f, _f, _f, _f, _f, _f, _f, _f, _f, _f
_f, _f, _f, _f, _f, _f, _f, _f, _f, _f, _f, _f, _f, _f, _f, _f, _f, _f, _f, _f, _f, _f, _f, _f, _f, _f, _f, _f, _f, _f, _f, _f, _f, _f, _f, _f, _f, _f, _f, _f, _f, _f, _f, _f, _f, _f, _f, _f, _f, _f, _f, _f, _f
_f, _f, _f, _f, _f, _f, _f, _f, _f, _f, _f, _f, _f, _f, _f, _f, _f, _f, _f, _f, _f, _f, _f, _f, _f, _f, _f, _f, _f, _f, _f, _f, _f, _f, _f, _f, _f, _f, _f, _f, _f, _f, _f, _f, _f, _f, _f, _f, _f, _f, _f, _f, _f
_f, _f, _f, _f, _f, _f, _f, _f, _f, _f, _f, _f, _f, _f, _f, _f, _f, _f, _f, _f, _f, _f, _f, _f, _f, _f, _f, _f, _f, _f, _f, _f, _f, _f, _f, _f, _f, _f, _f, _f, _f, _f, _f, _f, _f, _f, _f, _f, _f, _f, _f, _f, _f
_f, _f, _f, _f, _f, _f, _f, _f, _f, _f, _f, _f, _f, _f, _f, _f, _f, _f, _f, _f, _f, _f, _f, _f, _f, _f, _f, _f, _f, _f, _f, _f, _f, _f, _f, _f, _f, _f, _f, _f, _f, _f, _f, _f, _f, _f, _f, _f, _f, _f, _f, _f, _f
_f, _f, _f, _f, _f, _f, _f, _f, _f, _f, _f, _f, _f, _f, _f, _f, _f, _f, _f, _f, _f, _f, _f, _f, _f, _f, _f, _f, _f, _f, _f, _f, _f, _f, _f, _f, _f, _f, _f, _f, _f, _f, _f, _f, _f, _f, _f, _f, _f, _f, _f, _f, _f
_f, _f, _f, _f, _f, _f, _f, _f, _f, _f, _f, _f, _f, _f, _f, _f, _f, _f, _f, _f, _f, _f, _f, _f, _f, _f, _f, _f, _f, _f, _f, _f, _f, _f, _f, _f, _f, _f, _f, _f, _f, _f, _f, _f, _f, _f, _f, _f, _f, _f, _f, _f, _f
_f, _f, _f, _f, _f, _f, _f, _f, _f, _f, _f, _f, _f, _f, _f, _f, _f, _f, _f, _f, _f, _f, _f, _f, _f, _f, _f, _f, _f, _f, _f, _f, _f, _f, _f, _f, _f, _f, _f, _f, _f, _f, _f, _f, _f, _f, _f, _f, _f, _f, _f, _f, _f
_f, _f, _f, _f, _f, _f, _f, _f, _f, _f, _f, _f, _f, _f, _f, _f, _f, _f, _f, _f, _f, _f, _f, _f, _f, _f, _f, _f, _f, _f, _f, _f, _f, _f, _f, _f, _f, _f, _f, _f, _f, _f, _f, _f, _f, _f, _f, _f, _f, _f, _f, _f, _f
_f, _f, _f, _f, _f, _f, _f, _f, _f, _f, _f, _f, _f, _f, _f, _f, _f, _f, _f, _f, _f, _f, _f, _f, _f, _f, _f, _f, _f, _f, _f, _f, _f, _f, _f, _f, _f, _f, _f, _f, _f, _f, _f, _f, _f, _f, _f, _f, _f, _f, _f, _f, _f
_f, _f, _f, _f, _f, _f, _f, _f, _f, _f, _f, _f, _f, _f, _f, _f, _f, _f, _f, _f, _f, _f, _f, _f, _f, _f, _f, _f, _f, _f, _f, _f, _f, _f, _f, _f, _f, _f, _f, _f, _f, _f, _f, _f, _f, _f, _f, _f, _f, _f, _f, _f, _f
_f, _f, _f, _f, _f, _f, _f, _f, _f, _f, _f, _f, _f, _f, _f, _f, _f, _f, _f, _f, _f, _f, _f, _f, _f, _f, _f, _f, _f, _f, _f, _f, _f, _f, _f, _f, _f, _f, _f, _f, _f, _f, _f, _f, _f, _f, _f, _f, _f, _f, _f, _f, _f
_f, _f, _f, _f, _f, _f, _f, _f, _f, _f, _f, _f, _f, _f, _f, _f, _f, _f, _f, _f, _f, _f, _f, _f, _f, _f, _f, _f, _f, _f, _f, _f, _f, _f, _f, _f, _f, _f, _f, _f, _f, _f, _f, _f, _f, _f, _f, _f, _f, _f, _f, _f, _f
_f, _f, _f, _f, _f, _f, _f, _f, _f, _f, _f, _f, _f, _f, _f, _f, _f, _f, _f, _f, _f, _f, _f, _f, _f, _f, _f, _f, _f, _f, _f, _f, _f, _f, _f, _f, _f, _f, _f, _f, _f, _f, _f, _f, _f, _f, _f, _f, _f, _f, _f, _f, _f
_f, _f, _f, _f, _f, _f, _f, _f, _f, _f, _f, _f, _f, _f, _f, _f, _f, _f, _f, _f, _f, _f, _f, _f, _f, _f, _f, _f, _f, _f, _f, _f, _f, _f, _f, _f, _f, _f, _f, _f, _f, _f, _f, _f, _f, _f, _f, _f, _f, _f, _f, _f, _f
_f, _f, _f, _f, _f, _f, _f, _f, _f, _f, _f, _f, _f, _f, _f, _f, _f, _f, _f, _f, _f, _f, _f, _f, _f, _f, _f, _f, _f, _f, _f, _f, _f, _f, _f, _f, _f, _f, _f, _f, _f, _f, _f, _f, _f, _f, _f, _f, _f, _f, _f, _f, _f
_f, _f, _f, _f, _f, _f, _f, _f, _f, _f, _f, _f, _f, _f, _f, _f, _f, _f, _f, _f, _f, _f, _f, _f, _f, _f, _f, _f, _f, _f, _f, _f, _f, _f, _f, _f, _f, _f, _f, _f, _f, _f, _f, _f, _f, _f, _f, _f, _f, _f, _f, _f, _f
_f, _f, _f, _f, _f, _f, _f, _f, _f, _f, _f, _f, _f, _f, _f, _f, _f, _f, _f, _f, _f, _f, _f, _f, _f, _f, _f, _f, _f, _f, _f, _f, _f, _f, _f, _f, _f, _f, _f, _f, _f, _f, _f, _f, _f, _f, _f, _f, _f, _f, _f, _f, _f
_f, _f, _f, _f, _f, _f, 1 _f, _f, _f, _f, _f, _f, _f, _f, _f, _f, _f, _f, _f, _f, _f, _f, _f, _f, _f, _f, _f, _f, _f, _f, _f, _f, _f, _f, _f, _f, _f, _f, _f, _f, _f, _f, _f, _f, _f, _f, _f, _f, _f, _f, _f, _f, _f
_f, _f, _f, _f, _f, _f, _f, _f, _f, _f, _f, _f, _f, _f, _f, _f, _f, _f, _f, _f, _f, _f, _f, _f, _f, _f, _f, _f, _f, _f, _f, _f, _f, _f, _f, _f, _f, _f, _f, _f, _f, _f, _f, _f, _f, _f, _f, _f, _f, _f, _f, _f, _f
_f, _f, _f, _f, _f, _f, _f, _f, _f, _f, _f, _f, _f, _f, _f, _f, _f, _f, _f, _f, _f, _f, _f, _f, _f, _f, _f, _f, _f, _f, _f, _f, _f, _f, _f, _f, _f, _f, _f, _f, _f, _f, _f, _f, _f, _f, _f, _f, _f, _f, _f, _f, _f
