_f, _f, _f, _f, _f, _f, _f, _f, _f, _f, _f, _f, _f, _f, _f, _f, _f, _f, _f, _f, _f, _f, _f, _f, _f, _f, _f, _f, _f, _f, _f, _f, _f, _f, _f, _f, _f, _f, _f, _f, _f, _f, _f, _f, _f, _f, _f, _f, _f, _f, _f, _f, _f
_f, _f, _f, _f, _f, _f, _f, _f, _f, _f, _f, _f, _f, _f, _f, _f, _f, _f, _f, _f, _f, _f, _f, _f, _f, _f, _f, _f, _f, _f, _f, _f, _f, _f, _f, _f, _f, _f, _f, _f, _f, _f, _f, _f, _f, _f, _f, _f, _f, _f, _f, _f, _f
_f, _f, _f, _f, _f, _f, _f, _f, _f, _f, _f, _f, _f, _f, _f, _f, _f, _f, _f, _f, _f, _f, _f, _f, _f, _f, _f, _f, _f, _f, _f, _f, _f, _f, _f, _f, _f, _f, _f, _f, _f, _f, _f, _f, _f, _f, _f, _f, _f, _f, _f, _f, _f
_f, _f, _f, _f, _f, _f, _f, _f, _f, _f, _f, _f, _f, _f, _f, _f, _f, _f, _f, _f, _f, _f, _f, _f, _f, _f, _f, _f, _f, _f, _f, _f, _f, _f, _f, _f, _f, _f, _f, _f, _f, _f, _f, _f, _f, _f, _f, _f, _f, _f, _f, _f, _f
_f, _f, _f, _f, _f, _f, _f, _f, _f, _f, _f, _f, _f, _f, _f, _f, _f, _f, _f, _f, _f, _f, _f, _f, _f, _f, _f, _f, _f, _f, _f, _f, _f, _f, _f, _f, _f, _f, _f, _f, _f, _f, _f, _f, _f, _f, _f, _f, _f, _f, _f, _f, _f
_f, _f, _f, _f, _f, _f, _f, _f, _f, _f, _f, _f, _f, _f, _f, _f, _f, _f, _f, _f, _f, _f, _f, _f, _f, _f, _f, _f, _f, _f, _f, _f, _f, _f, _f, _f, _f, _f, _f, _f, _f, _f, _f, _f, _f, _f, _f, _f, _f, _f, _f, _f, _f
_f, _f, _f, _f, _f, _f, _f, _f, _f, _f, _f, _f, _f, _f, _f, _f, _f, _f, _f, _f, _f, _f, _f, _f, _f, _f, _f, _f, _f, _f, _f, _f, _f, _f, _f, _f, _f, _f, _f, _f, _f, _f, _f, _f, _f, _f, _f, _f, _f, _f, _f, _f, _f
_f, _f, _f, _f, _f, _f, _f, _f, _f, _f, _f, _f, _f, _f, _f, _f, _f, _f, _f, _f, _f, _f, _f, _f, _f, _f, _f, _f, _f, _f, _f, _f, _f, _f, _f, _f, _f, _f, _f, _f, _f, _f, _f, _f, _f, _f, _f, _f, _f, _f, _f, _f, _f
_f, _f, _f, _f, _f, _f, _f, _f, _f, _f, _f, _f, _f, _f, _f, _f, _f, _f, _f, _f, _f, _f, _f, _f, _f, _f, _f, _f, _f, _f, _f, _f, _f, _f, _f, _f, _f, _f, _f, _f, _f, _f, _f, _f, _f, _f, _f, _f, _f, _f, _f, _f, _f
_f, _f, _f, _f, _f, _f, _f, _f, _f, _f, _f, _f, _f, _f, _f, _f, _f, _f, _f, _f, _f, _f, _f, _f, _f, _f, _f, _f, _f, _f, _f, _f, _f, _f, _f, _f, _f, _f, _f, _f, _f, _f, _f, _f, _f, _f, _f, _f, _f, _f, _f, _f, _f
_f, _f, _f, _f, _f, _f, _f, _f, _f, _f, _f, _f, _f, _f, _f, _f, _f, _f, _f, _f, _f, _f, _f, _f, _f, _f, _f, _f, _f, _f, _f, _f, _f, _f, _f, _f, _f, _f, _f, _f, _f, _f, _f, _f, _f, _f, _f, _f, _f, _f, _f, _f, _f
_f, _f, _f, _f, _f, _f, _f, _f, _f, _f, _f, _f, _f, _f, _f, _f, _f, _f, _f, _f, _f, _f, _f, _f, _f, _f, _f, _f, _f, _f, _f, _f, _f, _f, _f, _f, _f, _f, _f, _f, _f, _f, _f, _f, _f, _f, _f, _f, _f, _f, _f, _f, _f
_f, _f, _f, _f, _f, _f, _f, _f, _f, _f, _f, _f, _f, _f, _f, _f, _f, _f, _f, _f, _f, _f, _f, _f, _f, _f, _f, _f, _f, _f, _f, _f, _f, _f, _f, _f, _f, _f, _f, _f, _f, _f, _f, _f, _f, _f, _f, _f, _f, _f, _f, _f, _f
_f, _f, _f, _f, _f, _f, _f, _f, _f, _f, _f, _f, _f, _f, _f, _f, _f, _f, _f, _f, _f, _f, _f, _f, _f, _f, _f, _f, _f, _f, _f, _f, _f, _f, _f, _f, _f, _f, _f, _f, _f, _f, _f, _f, _f, _f, _f, _f, _f, _f, _f, _f, _f
_f, _f, _f, _f, _f, _f, _f, _f, _f, _f, _f, _f, _f, _f, _f, _f, _f, _f, _f, _f, _f, _f, _f, _f, _f, _f, _f, _f, _f, _f, _f, _f, _f, _f, _f, _f, _f, _f, _f, _f, _f, _f, _f, _f, _f, _f, _f, _f, _f, _f, _f, _f, _f
_f, _f, _f, _f, _f, _f, _f, _f, _f, _f, _f, _f, _f, _f, _f, _f, _f, _f, _f, _f, _f, _f, _f, _f, _f, _f, _f, _f, _f, _f, _f, _f, _f, _f, _f, _f, _f, _f, _f, _f, _f, _f, _f, _f, _f, _f, _f, _f, _f, _f, _f, _f, _f
_f, _f, _f, _f, _f, _f, _f, _f, _f, _f, _f, _f, _f, _f, _f, _f, _f, _f, _f, _f, _f, _f, _f, _f, _f, _f, _f, _f, _f, _f, _f, _f, _f, _f, _f, _f, _f, _f, _f, _f, _f, _f, _f, _f, _f, _f, _f, _f, _f, _f, _f, _f, _f
_f, _f, _f, _f, _f, _f, _f, _f, _f, _f, _f, _f, _f, _f, _f, _f, _f, _f, _f, _f, _f, _f, _f, _f, _f, _f, _f, _f, _f, _f, _f, _f, _f, _f, _f, _f, _f, _f, _f, _f, _f, _f, _f, _f, _f, _f, _f, _f, _f, _f, _f, _f, _f
_f, _f, _f, _f, _f, _f, _f, _f, _f, _f, _f, _f, _f, _f, _f, _f, _f, _f, _f, _f, _f, _f, _f, _f, _f, _f, _f, _f, _f, _f, _f, _f, _f, _f, _f, _f, _f, _f, _f, _f, _f, _f, _f, _f, _f, _f, _f, _f, _f, _f, _f, _f, _f
_f, _f, _f, _f, _f, _f, _f, _f, _f, _f, _f, _f, _f, _f, _f, _f, _f, _f, _f, _f, _f, _f, _f, _f, _f, _f, _f, _f, _f, _f, _f, _f, _f, _f, _f, _f, _f, _f, _f, _f, _f, _f, _f, _f, _f, _f, _f, _f, _f, _f, _f, _f, _f
_f, _f, _f, _f, _f, _f, _f, _f, _f, _f, _f, _f, _f, _f, _f, _f, _f, _f, _f, _f, _f, _f, _f, _f, _f, _f, _f, _f, _f, _f, _f, _f, _f, _f, _f, _f, _f, _f, _f, _f, _f, _f, _f, _f, _f, _f, _f, _f, _f, _f, _f, _f, _f
_f, _f, _f, _f, _f, _f, _f, _f, _f, _f, _f, _f, _f, _f, _f, _f, _f, _f, _f, _f, _f, _f, _f, _f, _f, _f, _f, _f, _f, _f, _f, _f, _f, _f, _f, _f, _f, _f, _f, _f, _f, _f, _f, _f, _f, _f, _f, _f, _f, _f, _f, _f, _f
_f, _f, _f, _f, _f, _f, _f, _f, _f, _f, _f, _f, _f, _f, _f, _f, _f, _f, _f, _f, _f, _f, _f, _f, _f, _f, _f, _f, _f, _f, _f, _f, _f, _f, _f, _f, _f, _f, _f, _f, _f, _f, _f, _f, _f, _f, _f, _f, _f, _f, _f, _f, _f
_f, _f, _f, _f, _f, _f, _f, _f, _f, _f, _f, _f, _f, _f, _f, _f, _f, _f, _f, _f, _f, _f, _f, _f, _f, _f, _f, _f, _f, _f, _f, _f, _f, _f, _f, _f, _f, _f, _f, _f, _f, _f, _f, _f, _f, _f, _f, _f, _f, _f, _f, _f, _f
_f, _f, _f, _f, _f, _f, _f, _f, _f, _f, _f, _f, _f, _f, _f, _f, _f, _f, _f, _f, _f, _f, _f, _f, _f, _f, _f, _f, _f, _f, _f, _f, _f, _f, _f, _f, _f, _f, _f, _f, _f, _f, _f, _f, Gg, _f, _f, _f, _f, _f, _f, _f, _f
_f, _f, _f, _f, _f, _f, _f, _f, _f, _f, _f, _f, _f, _f, _f, _f, _f, _f, _f, _f, _f, _f, _f, _f, _f, _f, _f, _f, _f, _f, _f, _f, _f, _f, _f, _f, _f, _f, _f, _f, _f, _f, Gg, Gg, Gg, Gg, Gg, _f, _f, _f, _f, _f, _f
_f, _f, _f, _f, _f, _f, _f, _f, _f, _f, _f, _f, _f, _f, _f, _f, _f, _f, _f, _f, _f, _f, _f, _f, _f, _f, _f, _f, _f, _f, _f, _f, _f, _f, _f, _f, _f, _f, _f, _f, _f, Gg, Gg, Gg, Hh, Hh, Hh^Ebn, Gg, _f, _f, _f, _f, _f
_f, _f, _f, _f, _f, _f, _f, _f, _f, _f, _f, _f, _f, _f, _f, _f, _f, _f, _f, _f, _f, _f, _f, _f, _f, _f, _f, _f, _f, _f, _f, _f, _f, _f, _f, _f, _f, _f, _f, _f, _f, Gg, Hh, Hh, Hh, Hh, Hh, Hh, _f, _f, _f, _f, _f
_f, _f, _f, _f, _f, _f, _f, _f, _f, _f, _f, _f, _f, _f, _f, _f, _f, _f, _f, _f, _f, _f, _f, _f, _f, _f, _f, _f, _f, _f, _f, _f, _f, _f, _f, _f, _f, _f, _f, _f, _f, Gg, Hh^Ebn, Hh, Hh, Hh, Hh, Hh, _f, _f, _f, _f, _f
_f, _f, _f, _f, _f, _f, _f, _f, _f, _f, _f, _f, _f, _f, _f, _f, _f, _f, _f, _f, _f, _f, _f, _f, _f, _f, _f, _f, _f, _f, _f, _f, _f, _f, _f, _f, _f, _f, _f, _f, _f, _f, _f, Hh, Hh, Hh, _f, _f, _f, _f, _f, _f, _f
_f, _f, _f, _f, _f, _f, _f, _f, _f, _f, _f, _f, _f, _f, _f, _f, _f, _f, _f, _f, _f, _f, _f, _f, _f, _f, _f, _f, _f, _f, _f, _f, _f, _f, _f, _f, _f, _f, _f, _f, _f, _f, _f, _f, _f, _f, _f, _f, _f, _f, _f, _f, _f
_f, _f, _f, _f, _f, _f, _f, _f, _f, _f, _f, _f, _f, _f, _f, _f, _f, _f, _f, _f, _f, _f, _f, _f, _f, _f, _f, _f, _f, _f, _f, _f, _f, _f, _f, _f, _f, _f, _f, _f, _f, _f, _f, _f, _f, _f, _f, _f, _f, _f, _f, _f, _f
_f, _f, _f, _f, _f, _f, _f, _f, _f, _f, _f, _f, _f, _f, _f, _f, _f, _f, _f, _f, _f, _f, _f, _f, _f, _f, _f, _f, _f, _f, _f, _f, _f, _f, _f, _f, _f, _f, _f, _f, _f, _f, _f, _f, _f, _f, _f, _f, _f, _f, _f, _f, _f
_f, _f, _f, _f, _f, _f, _f, _f, _f, _f, _f, _f, _f, _f, _f, _f, _f, _f, _f, _f, _f, _f, _f, _f, _f, _f, _f, _f, _f, _f, _f, _f, _f, _f, _f, _f, _f, _f, _f, _f, _f, _f, _f, _f, _f, _f, _f, _f, _f, _f, _f, _f, _f
_f, _f, _f, _f, _f, _f, _f, _f, _f, _f, _f, _f, _f, _f, _f, _f, _f, _f, _f, _f, _f, _f, _f, _f, _f, _f, _f, _f, _f, _f, _f, _f, _f, _f, _f, _f, _f, _f, _f, _f, _f, _f, _f, _f, _f, _f, _f, _f, _f, _f, _f, _f, _f
_f, _f, _f, _f, _f, _f, _f, _f, _f, _f, _f, _f, _f, _f, _f, _f, _f, _f, _f, _f, _f, _f, _f, _f, _f, _f, _f, _f, _f, _f, _f, _f, _f, _f, _f, _f, _f, _f, _f, _f, _f, _f, _f, _f, _f, _f, _f, _f, _f, _f, _f, _f, _f
_f, _f, _f, _f, _f, _f, _f, _f, _f, _f, _f, _f, _f, _f, _f, _f, _f, _f, _f, _f, _f, _f, _f, _f, _f, _f, _f, _f, _f, _f, _f, _f, _f, _f, _f, _f, _f, _f, _f, _f, _f, _f, _f, _f, _f, _f, _f, _f, _f, _f, _f, _f, _f
_f, _f, _f, _f, _f, _f, _f, _f, _f, _f, _f, _f, _f, _f, _f, _f, _f, _f, _f, _f, _f, _f, _f, _f, _f, _f, _f, _f, _f, _f, _f, _f, _f, _f, _f, _f, _f, _f, _f, _f, _f, _f, _f, _f, _f, _f, _f, _f, _f, _f, _f, _f, _f
_f, _f, _f, _f, _f, _f, _f, _f, _f, _f, _f, _f, _f, _f, _f, _f, _f, _f, _f, _f, _f, _f, _f, _f, _f, _f, _f, _f, _f, _f, _f, _f, _f, _f, _f, _f, _f, _f, _f, _f, _f, _f, _f, _f, _f, _f, _f, _f, _f, _f, _f, _f, _f
_f, _f, _f, _f, _f, _f, _f, _f, _f, _f, _f, _f, _f, _f, _f, _f, _f, _f, _f, _f, _f, _f, _f, _f, _f, _f, _f, _f, _f, _f, _f, _f, _f, _f, _f, _f, _f, _f, _f, _f, _f, _f, _f, _f, _f, _f, _f, _f, _f, _f, _f, _f, _f
_f, _f, _f, _f, _f, _f, _f, _f, _f, _f, _f, _f, _f, _f, _f, _f, _f, _f, _f, _f, _f, _f, _f, _f, _f, _f, _f, _f, _f, _f, _f, _f, _f, _f, _f, _f, _f, _f, _f, _f, _f, _f, _f, _f, _f, _f, _f, _f, _f, _f, _f, _f, _f
_f, _f, _f, _f, _f, _f, _f, _f, _f, _f, _f, _f, _f, _f, _f, _f, _f, _f, _f, _f, _f, _f, _f, _f, _f, _f, _f, _f, _f, _f, _f, _f, _f, _f, _f, _f, _f, _f, _f, _f, _f, _f, _f, _f, _f, _f, _f, _f, _f, _f, _f, _f, _f
_f, _f, _f, _f, _f, _f, _f, _f, _f, _f, _f, _f, _f, _f, _f, _f, _f, _f, _f, _f, _f, _f, _f, _f, _f, _f, _f, _f, _f, _f, _f, _f, _f, _f, _f, _f, _f, _f, _f, _f, _f, _f, _f, _f, _f, _f, _f, _f, _f, _f, _f, _f, _f
_f, _f, _f, _f, _f, _f, 1 _f, _f, _f, _f, _f, _f, _f, _f, _f, _f, _f, _f, _f, _f, _f, _f, _f, _f, _f, _f, _f, _f, _f, _f, _f, _f, _f, _f, _f, _f, _f, _f, _f, _f, _f, _f, _f, _f, _f, _f, _f, _f, _f, _f, _f, _f, _f
_f, _f, _f, _f, _f, _f, _f, _f, _f, _f, _f, _f, _f, _f, _f, _f, _f, _f, _f, _f, _f, _f, _f, _f, _f, _f, _f, _f, _f, _f, _f, _f, _f, _f, _f, _f, _f, _f, _f, _f, _f, _f, _f, _f, _f, _f, _f, _f, _f, _f, _f, _f, _f
_f, _f, _f, _f, _f, _f, _f, _f, _f, _f, _f, _f, _f, _f, _f, _f, _f, _f, _f, _f, _f, _f, _f, _f, _f, _f, _f, _f, _f, _f, _f, _f, _f, _f, _f, _f, _f, _f, _f, _f, _f, _f, _f, _f, _f, _f, _f, _f, _f, _f, _f, _f, _f
